Archive member included to satisfy reference by file (symbol)

/Applications/Ac6/SystemWorkbench.app/Contents/Eclipse/plugins/fr.ac6.mcu.externaltools.arm-none.macos64_1.17.0.201812190825/tools/compiler/bin/../lib/gcc/arm-none-eabi/7.3.1/thumb/v6-m/libgcc.a(_udivsi3.o)
                              StdPeriph_Driver/src/stm32f0xx_rcc.o (__aeabi_uidiv)
/Applications/Ac6/SystemWorkbench.app/Contents/Eclipse/plugins/fr.ac6.mcu.externaltools.arm-none.macos64_1.17.0.201812190825/tools/compiler/bin/../lib/gcc/arm-none-eabi/7.3.1/thumb/v6-m/libgcc.a(_divsi3.o)
                              /Users/raghuramselvaraj/Current Classes/ECE362/lab3/src/autotest.o (__aeabi_idiv)
/Applications/Ac6/SystemWorkbench.app/Contents/Eclipse/plugins/fr.ac6.mcu.externaltools.arm-none.macos64_1.17.0.201812190825/tools/compiler/bin/../lib/gcc/arm-none-eabi/7.3.1/thumb/v6-m/libgcc.a(_dvmd_tls.o)
                              /Applications/Ac6/SystemWorkbench.app/Contents/Eclipse/plugins/fr.ac6.mcu.externaltools.arm-none.macos64_1.17.0.201812190825/tools/compiler/bin/../lib/gcc/arm-none-eabi/7.3.1/thumb/v6-m/libgcc.a(_udivsi3.o) (__aeabi_idiv0)
/Applications/Ac6/SystemWorkbench.app/Contents/Eclipse/plugins/fr.ac6.mcu.externaltools.arm-none.macos64_1.17.0.201812190825/tools/compiler/bin/../lib/gcc/arm-none-eabi/7.3.1/../../../../arm-none-eabi/lib/thumb/v6-m/libc.a(lib_a-errno.o)
                              src/syscalls.o (__errno)
/Applications/Ac6/SystemWorkbench.app/Contents/Eclipse/plugins/fr.ac6.mcu.externaltools.arm-none.macos64_1.17.0.201812190825/tools/compiler/bin/../lib/gcc/arm-none-eabi/7.3.1/../../../../arm-none-eabi/lib/thumb/v6-m/libc.a(lib_a-exit.o)
                              /Applications/Ac6/SystemWorkbench.app/Contents/Eclipse/plugins/fr.ac6.mcu.externaltools.arm-none.macos64_1.17.0.201812190825/tools/compiler/bin/../lib/gcc/arm-none-eabi/7.3.1/../../../../arm-none-eabi/lib/thumb/v6-m/crt0.o (exit)
/Applications/Ac6/SystemWorkbench.app/Contents/Eclipse/plugins/fr.ac6.mcu.externaltools.arm-none.macos64_1.17.0.201812190825/tools/compiler/bin/../lib/gcc/arm-none-eabi/7.3.1/../../../../arm-none-eabi/lib/thumb/v6-m/libc.a(lib_a-impure.o)
                              /Applications/Ac6/SystemWorkbench.app/Contents/Eclipse/plugins/fr.ac6.mcu.externaltools.arm-none.macos64_1.17.0.201812190825/tools/compiler/bin/../lib/gcc/arm-none-eabi/7.3.1/../../../../arm-none-eabi/lib/thumb/v6-m/libc.a(lib_a-exit.o) (_global_impure_ptr)
/Applications/Ac6/SystemWorkbench.app/Contents/Eclipse/plugins/fr.ac6.mcu.externaltools.arm-none.macos64_1.17.0.201812190825/tools/compiler/bin/../lib/gcc/arm-none-eabi/7.3.1/../../../../arm-none-eabi/lib/thumb/v6-m/libc.a(lib_a-init.o)
                              /Applications/Ac6/SystemWorkbench.app/Contents/Eclipse/plugins/fr.ac6.mcu.externaltools.arm-none.macos64_1.17.0.201812190825/tools/compiler/bin/../lib/gcc/arm-none-eabi/7.3.1/../../../../arm-none-eabi/lib/thumb/v6-m/crt0.o (__libc_init_array)
/Applications/Ac6/SystemWorkbench.app/Contents/Eclipse/plugins/fr.ac6.mcu.externaltools.arm-none.macos64_1.17.0.201812190825/tools/compiler/bin/../lib/gcc/arm-none-eabi/7.3.1/../../../../arm-none-eabi/lib/thumb/v6-m/libc.a(lib_a-memcpy-stub.o)
                              /Users/raghuramselvaraj/Current Classes/ECE362/lab3/src/autotest.o (memcpy)
/Applications/Ac6/SystemWorkbench.app/Contents/Eclipse/plugins/fr.ac6.mcu.externaltools.arm-none.macos64_1.17.0.201812190825/tools/compiler/bin/../lib/gcc/arm-none-eabi/7.3.1/../../../../arm-none-eabi/lib/thumb/v6-m/libc.a(lib_a-memset.o)
                              /Applications/Ac6/SystemWorkbench.app/Contents/Eclipse/plugins/fr.ac6.mcu.externaltools.arm-none.macos64_1.17.0.201812190825/tools/compiler/bin/../lib/gcc/arm-none-eabi/7.3.1/../../../../arm-none-eabi/lib/thumb/v6-m/crt0.o (memset)
/Applications/Ac6/SystemWorkbench.app/Contents/Eclipse/plugins/fr.ac6.mcu.externaltools.arm-none.macos64_1.17.0.201812190825/tools/compiler/bin/../lib/gcc/arm-none-eabi/7.3.1/../../../../arm-none-eabi/lib/thumb/v6-m/libc.a(lib_a-random.o)
                              /Users/raghuramselvaraj/Current Classes/ECE362/lab3/src/autotest.o (srandom)
/Applications/Ac6/SystemWorkbench.app/Contents/Eclipse/plugins/fr.ac6.mcu.externaltools.arm-none.macos64_1.17.0.201812190825/tools/compiler/bin/../lib/gcc/arm-none-eabi/7.3.1/../../../../arm-none-eabi/lib/thumb/v6-m/libc.a(lib_a-strcat.o)
                              /Users/raghuramselvaraj/Current Classes/ECE362/lab3/src/autotest.o (strcat)
/Applications/Ac6/SystemWorkbench.app/Contents/Eclipse/plugins/fr.ac6.mcu.externaltools.arm-none.macos64_1.17.0.201812190825/tools/compiler/bin/../lib/gcc/arm-none-eabi/7.3.1/../../../../arm-none-eabi/lib/thumb/v6-m/libc.a(lib_a-strcmp.o)
                              /Users/raghuramselvaraj/Current Classes/ECE362/lab3/src/autotest.o (strcmp)
[...]
Memory Configuration

Name             Origin             Length             Attributes
RAM              0x0000000020000000 0x0000000000008000 xrw
ROM              0x0000000008000000 0x0000000000040000 xr
*default*        0x0000000000000000 0xffffffffffffffff

Linker script and memory map

LOAD /Applications/Ac6/SystemWorkbench.app/Contents/Eclipse/plugins/fr.ac6.mcu.externaltools.arm-none.macos64_1.17.0.201812190825/tools/compiler/bin/../lib/gcc/arm-none-eabi/7.3.1/thumb/v6-m/crti.o
LOAD /Applications/Ac6/SystemWorkbench.app/Contents/Eclipse/plugins/fr.ac6.mcu.externaltools.arm-none.macos64_1.17.0.201812190825/tools/compiler/bin/../lib/gcc/arm-none-eabi/7.3.1/thumb/v6-m/crtbegin.o
LOAD /Applications/Ac6/SystemWorkbench.app/Contents/Eclipse/plugins/fr.ac6.mcu.externaltools.arm-none.macos64_1.17.0.201812190825/tools/compiler/bin/../lib/gcc/arm-none-eabi/7.3.1/../../../../arm-none-eabi/lib/thumb/v6-m/crt0.o
LOAD StdPeriph_Driver/src/stm32f0xx_adc.o
LOAD StdPeriph_Driver/src/stm32f0xx_can.o
LOAD StdPeriph_Driver/src/stm32f0xx_cec.o
LOAD StdPeriph_Driver/src/stm32f0xx_comp.o
LOAD StdPeriph_Driver/src/stm32f0xx_crc.o
LOAD StdPeriph_Driver/src/stm32f0xx_crs.o
LOAD StdPeriph_Driver/src/stm32f0xx_dac.o
LOAD StdPeriph_Driver/src/stm32f0xx_dbgmcu.o
LOAD StdPeriph_Driver/src/stm32f0xx_dma.o
LOAD StdPeriph_Driver/src/stm32f0xx_exti.o
LOAD StdPeriph_Driver/src/stm32f0xx_flash.o
LOAD StdPeriph_Driver/src/stm32f0xx_gpio.o
LOAD StdPeriph_Driver/src/stm32f0xx_i2c.o
LOAD StdPeriph_Driver/src/stm32f0xx_iwdg.o
LOAD StdPeriph_Driver/src/stm32f0xx_misc.o
LOAD StdPeriph_Driver/src/stm32f0xx_pwr.o
LOAD StdPeriph_Driver/src/stm32f0xx_rcc.o
LOAD StdPeriph_Driver/src/stm32f0xx_rtc.o
LOAD StdPeriph_Driver/src/stm32f0xx_spi.o
LOAD StdPeriph_Driver/src/stm32f0xx_syscfg.o
LOAD StdPeriph_Driver/src/stm32f0xx_tim.o
LOAD StdPeriph_Driver/src/stm32f0xx_usart.o
LOAD StdPeriph_Driver/src/stm32f0xx_wwdg.o
LOAD src/main.o
LOAD src/syscalls.o
LOAD src/system_stm32f0xx.o
LOAD startup/startup_stm32.o
LOAD /Users/raghuramselvaraj/Current Classes/ECE362/lab3/src/autotest.o
LOAD /Applications/Ac6/SystemWorkbench.app/Contents/Eclipse/plugins/fr.ac6.mcu.externaltools.arm-none.macos64_1.17.0.201812190825/tools/compiler/bin/../lib/gcc/arm-none-eabi/7.3.1/../../../../arm-none-eabi/lib/thumb/v6-m/libm.a
START GROUP
LOAD /Applications/Ac6/SystemWorkbench.app/Contents/Eclipse/plugins/fr.ac6.mcu.externaltools.arm-none.macos64_1.17.0.201812190825/tools/compiler/bin/../lib/gcc/arm-none-eabi/7.3.1/thumb/v6-m/libgcc.a
LOAD /Applications/Ac6/SystemWorkbench.app/Contents/Eclipse/plugins/fr.ac6.mcu.externaltools.arm-none.macos64_1.17.0.201812190825/tools/compiler/bin/../lib/gcc/arm-none-eabi/7.3.1/../../../../arm-none-eabi/lib/thumb/v6-m/libc.a
END GROUP
LOAD /Applications/Ac6/SystemWorkbench.app/Contents/Eclipse/plugins/fr.ac6.mcu.externaltools.arm-none.macos64_1.17.0.201812190825/tools/compiler/bin/../lib/gcc/arm-none-eabi/7.3.1/thumb/v6-m/crtend.o
LOAD /Applications/Ac6/SystemWorkbench.app/Contents/Eclipse/plugins/fr.ac6.mcu.externaltools.arm-none.macos64_1.17.0.201812190825/tools/compiler/bin/../lib/gcc/arm-none-eabi/7.3.1/thumb/v6-m/crtn.o
                0x0000000020008000                _estack = 0x20008000
                0x0000000000000000                _Min_Heap_Size = 0x0
                0x0000000000000400                _Min_Stack_Size = 0x400

.isr_vector     0x0000000008000000       0xc0
                0x0000000008000000                . = ALIGN (0x4)
 *(.isr_vector)
 .isr_vector    0x0000000008000000       0xc0 startup/startup_stm32.o
                0x0000000008000000                g_pfnVectors
                0x00000000080000c0                . = ALIGN (0x4)

.text           0x00000000080000c0     0x47a8
                0x00000000080000c0                . = ALIGN (0x4)
 *(.text)
 .text          0x00000000080000c0       0x48 /Applications/Ac6/SystemWorkbench.app/Contents/Eclipse/plugins/fr.ac6.mcu.externaltools.arm-none.macos64_1.17.0.201812190825/tools/compiler/bin/../lib/gcc/arm-none-eabi/7.3.1/thumb/v6-m/crtbegin.o
 .text          0x0000000008000108      0x254 src/main.o
                0x0000000008000108                micro_wait
                0x000000000800011a                enable_ports
                0x000000000800012c                port_c_output
                0x000000000800013a                port_b_input
                0x000000000800014a                setpin
                0x0000000008000158                clrpin
                0x0000000008000166                getpin
                0x000000000800017e                seq_leds
                0x00000000080001b4                detect_buttons
                0x00000000080001f8                enable_port_a
                0x0000000008000206                port_a_input
                0x000000000800021c                port_b_input2
                0x000000000800023c                port_c_output2
                0x000000000800025a                seq_leds2
                0x0000000008000290                detect_buttons2
                0x00000000080002ec                login
                0x00000000080002f8                main
 .text          0x000000000800035c      0x1d4 /Applications/Ac6/SystemWorkbench.app/Contents/Eclipse/plugins/fr.ac6.mcu.externaltools.arm-none.macos64_1.17.0.201812190825/tools/compiler/bin/../lib/gcc/arm-none-eabi/7.3.1/thumb/v6-m/libgcc.a(_divsi3.o)
                0x000000000800035c                __aeabi_idiv
                0x000000000800035c                __divsi3
                0x0000000008000528                __aeabi_idivmod
 .text          0x0000000008000530        0x4 /Applications/Ac6/SystemWorkbench.app/Contents/Eclipse/plugins/fr.ac6.mcu.externaltools.arm-none.macos64_1.17.0.201812190825/tools/compiler/bin/../lib/gcc/arm-none-eabi/7.3.1/thumb/v6-m/libgcc.a(_dvmd_tls.o)
                0x0000000008000530                __aeabi_ldiv0
                0x0000000008000530                __aeabi_idiv0
 .text          0x0000000008000534       0x88 /Applications/Ac6/SystemWorkbench.app/Contents/Eclipse/plugins/fr.ac6.mcu.externaltools.arm-none.macos64_1.17.0.201812190825/tools/compiler/bin/../lib/gcc/arm-none-eabi/7.3.1/../../../../arm-none-eabi/lib/thumb/v6-m/libc.a(lib_a-strcmp.o)
                0x0000000008000534                strcmp
 *(.text*)
 .text.SystemInit
                0x00000000080005bc       0x8c src/system_stm32f0xx.o
                0x00000000080005bc                SystemInit
 .text.SetSysClock
                0x0000000008000648       0xe0 src/system_stm32f0xx.o
 .text.Reset_Handler
                0x0000000008000728       0x50 startup/startup_stm32.o
                0x0000000008000728                Reset_Handler
 .text.Default_Handler
                0x0000000008000778        0x2 startup/startup_stm32.o
                0x0000000008000778                TIM1_BRK_UP_TRG_COM_IRQHandler
                0x0000000008000778                TIM1_CC_IRQHandler
                0x0000000008000778                TSC_IRQHandler
                0x0000000008000778                HardFault_Handler
                0x0000000008000778                PVD_IRQHandler
                0x0000000008000778                PendSV_Handler
                0x0000000008000778                NMI_Handler
                0x0000000008000778                I2C1_IRQHandler
                0x0000000008000778                RCC_CRS_IRQHandler
                0x0000000008000778                SPI1_IRQHandler
                0x0000000008000778                TIM6_DAC_IRQHandler
                0x0000000008000778                EXTI2_3_IRQHandler
                0x0000000008000778                I2C2_IRQHandler
                0x0000000008000778                TIM17_IRQHandler
                0x0000000008000778                CEC_CAN_IRQHandler
                0x0000000008000778                RTC_IRQHandler
                0x0000000008000778                TIM16_IRQHandler
                0x0000000008000778                TIM3_IRQHandler
                0x0000000008000778                EXTI4_15_IRQHandler
                0x0000000008000778                Default_Handler
                0x0000000008000778                DMA1_CH2_3_DMA2_CH1_2_IRQHandler
                0x0000000008000778                TIM14_IRQHandler
                0x0000000008000778                TIM7_IRQHandler
                0x0000000008000778                TIM15_IRQHandler
                0x0000000008000778                EXTI0_1_IRQHandler
                0x0000000008000778                USB_IRQHandler
                0x0000000008000778                SPI2_IRQHandler
                0x0000000008000778                DMA1_CH1_IRQHandler
                0x0000000008000778                SVC_Handler
                0x0000000008000778                WWDG_IRQHandler
                0x0000000008000778                TIM2_IRQHandler
                0x0000000008000778                ADC_COMP_IRQHandler
                0x0000000008000778                USART2_IRQHandler
                0x0000000008000778                USART3_4_5_6_7_8_IRQHandler
                0x0000000008000778                FLASH_IRQHandler
                0x0000000008000778                USART1_IRQHandler
                0x0000000008000778                DMA1_CH4_5_6_7_DMA2_CH3_4_5_IRQHandler
 .text.num_lsl  0x000000000800077a      0x14e /Users/raghuramselvaraj/Current Classes/ECE362/lab3/src/autotest.o
 .text.num_lsr  0x00000000080008c8       0xee /Users/raghuramselvaraj/Current Classes/ECE362/lab3/src/autotest.o
 .text.num_init
                0x00000000080009b6       0x4a /Users/raghuramselvaraj/Current Classes/ECE362/lab3/src/autotest.o
 .text.num_init_int
                0x0000000008000a00       0x26 /Users/raghuramselvaraj/Current Classes/ECE362/lab3/src/autotest.o
 .text.num_init_mem
                0x0000000008000a26       0x5c /Users/raghuramselvaraj/Current Classes/ECE362/lab3/src/autotest.o
 .text.num_init_str
                0x0000000008000a82      0x122 /Users/raghuramselvaraj/Current Classes/ECE362/lab3/src/autotest.o
 .text.num_copy
                0x0000000008000ba4       0x5e /Users/raghuramselvaraj/Current Classes/ECE362/lab3/src/autotest.o
 .text.num_assign
                0x0000000008000c02       0x5e /Users/raghuramselvaraj/Current Classes/ECE362/lab3/src/autotest.o
 .text.num_bitsize
                0x0000000008000c60       0xc4 /Users/raghuramselvaraj/Current Classes/ECE362/lab3/src/autotest.o
 .text.num_add  0x0000000008000d24      0x1d0 /Users/raghuramselvaraj/Current Classes/ECE362/lab3/src/autotest.o
 .text.num_inverse
                0x0000000008000ef4       0x52 /Users/raghuramselvaraj/Current Classes/ECE362/lab3/src/autotest.o
 .text.num_sub  0x0000000008000f46      0x25c /Users/raghuramselvaraj/Current Classes/ECE362/lab3/src/autotest.o
 .text.num_is_positive
                0x00000000080011a2       0x2a /Users/raghuramselvaraj/Current Classes/ECE362/lab3/src/autotest.o
 .text.num_is_greater
                0x00000000080011cc       0xc4 /Users/raghuramselvaraj/Current Classes/ECE362/lab3/src/autotest.o
 .text.num_mul  0x0000000008001290      0x186 /Users/raghuramselvaraj/Current Classes/ECE362/lab3/src/autotest.o
 .text.num_is_zero
                0x0000000008001416       0x3e /Users/raghuramselvaraj/Current Classes/ECE362/lab3/src/autotest.o
 .text.num_is_odd
                0x0000000008001454       0x20 /Users/raghuramselvaraj/Current Classes/ECE362/lab3/src/autotest.o
 .text.num_div  0x0000000008001474      0x4ba /Users/raghuramselvaraj/Current Classes/ECE362/lab3/src/autotest.o
 *fill*         0x000000000800192e        0x2 
 .text.num_powmod
                0x0000000008001930      0x23c /Users/raghuramselvaraj/Current Classes/ECE362/lab3/src/autotest.o
 .text.nano_wait
                0x0000000008001b6c       0x18 /Users/raghuramselvaraj/Current Classes/ECE362/lab3/src/autotest.o
 .text.milli_wait
                0x0000000008001b84       0x38 /Users/raghuramselvaraj/Current Classes/ECE362/lab3/src/autotest.o
 .text.usleep   0x0000000008001bbc       0x54 /Users/raghuramselvaraj/Current Classes/ECE362/lab3/src/autotest.o
 .text.cmd      0x0000000008001c10       0x34 /Users/raghuramselvaraj/Current Classes/ECE362/lab3/src/autotest.o
 .text.data     0x0000000008001c44       0x40 /Users/raghuramselvaraj/Current Classes/ECE362/lab3/src/autotest.o
 .text.init_lcd
                0x0000000008001c84      0x104 /Users/raghuramselvaraj/Current Classes/ECE362/lab3/src/autotest.o
 .text.uninit_lcd
                0x0000000008001d88       0x34 /Users/raghuramselvaraj/Current Classes/ECE362/lab3/src/autotest.o
 .text.display1
                0x0000000008001dbc       0x5a /Users/raghuramselvaraj/Current Classes/ECE362/lab3/src/autotest.o
 .text.display2
                0x0000000008001e16       0x5a /Users/raghuramselvaraj/Current Classes/ECE362/lab3/src/autotest.o
 .text.scroll2  0x0000000008001e70       0xdc /Users/raghuramselvaraj/Current Classes/ECE362/lab3/src/autotest.o
 .text.init_pa0
                0x0000000008001f4c       0x3c /Users/raghuramselvaraj/Current Classes/ECE362/lab3/src/autotest.o
 .text.wait_pa0_release
                0x0000000008001f88       0x58 /Users/raghuramselvaraj/Current Classes/ECE362/lab3/src/autotest.o
 .text.wait_pa0_press
                0x0000000008001fe0       0x58 /Users/raghuramselvaraj/Current Classes/ECE362/lab3/src/autotest.o
 .text.spin     0x0000000008002038        0xe /Users/raghuramselvaraj/Current Classes/ECE362/lab3/src/autotest.o
 *fill*         0x0000000008002046        0x2 
 .text.check_cpu
                0x0000000008002048       0x48 /Users/raghuramselvaraj/Current Classes/ECE362/lab3/src/autotest.o
 .text.check_mem
                0x0000000008002090       0x48 /Users/raghuramselvaraj/Current Classes/ECE362/lab3/src/autotest.o
 .text.check_clock
                0x00000000080020d8       0xe4 /Users/raghuramselvaraj/Current Classes/ECE362/lab3/src/autotest.o
 .text.get_ent  0x00000000080021bc      0x138 /Users/raghuramselvaraj/Current Classes/ECE362/lab3/src/autotest.o
 .text.encode   0x00000000080022f4       0x8c /Users/raghuramselvaraj/Current Classes/ECE362/lab3/src/autotest.o
 .text.inform   0x0000000008002380      0x2f4 /Users/raghuramselvaraj/Current Classes/ECE362/lab3/src/autotest.o
 .text.checkregs
                0x0000000008002674       0x5e /Users/raghuramselvaraj/Current Classes/ECE362/lab3/src/autotest.o
 .text.myabs    0x00000000080026d2       0x1e /Users/raghuramselvaraj/Current Classes/ECE362/lab3/src/autotest.o
 .text.check_function_spacing
                0x00000000080026f0       0xe4 /Users/raghuramselvaraj/Current Classes/ECE362/lab3/src/autotest.o
 .text.check_enable_ports
                0x00000000080027d4      0x1b8 /Users/raghuramselvaraj/Current Classes/ECE362/lab3/src/autotest.o
 .text.check_port_c_output
                0x000000000800298c       0xf4 /Users/raghuramselvaraj/Current Classes/ECE362/lab3/src/autotest.o
 .text.check_port_b_input
                0x0000000008002a80      0x100 /Users/raghuramselvaraj/Current Classes/ECE362/lab3/src/autotest.o
 .text.check_setpin
                0x0000000008002b80      0x198 /Users/raghuramselvaraj/Current Classes/ECE362/lab3/src/autotest.o
 .text.check_clrpin
                0x0000000008002d18      0x184 /Users/raghuramselvaraj/Current Classes/ECE362/lab3/src/autotest.o
 .text.check_getpin
                0x0000000008002e9c      0x148 /Users/raghuramselvaraj/Current Classes/ECE362/lab3/src/autotest.o
 .text.check_seq_leds
                0x0000000008002fe4      0x100 /Users/raghuramselvaraj/Current Classes/ECE362/lab3/src/autotest.o
 .text.SysTick_Handler
                0x00000000080030e4       0x30 /Users/raghuramselvaraj/Current Classes/ECE362/lab3/src/autotest.o
                0x00000000080030e4                SysTick_Handler
 .text.set_alarm
                0x0000000008003114       0x54 /Users/raghuramselvaraj/Current Classes/ECE362/lab3/src/autotest.o
                0x0000000008003114                set_alarm
 .text.clear_alarm
                0x0000000008003168       0x24 /Users/raghuramselvaraj/Current Classes/ECE362/lab3/src/autotest.o
 .text.check_detect_buttons
                0x000000000800318c      0x198 /Users/raghuramselvaraj/Current Classes/ECE362/lab3/src/autotest.o
 .text.check_wiring
                0x0000000008003324      0x188 /Users/raghuramselvaraj/Current Classes/ECE362/lab3/src/autotest.o
 .text.check_enable_port_a
                0x00000000080034ac      0x18c /Users/raghuramselvaraj/Current Classes/ECE362/lab3/src/autotest.o
 .text.check_port_a_input
                0x0000000008003638      0x1e4 /Users/raghuramselvaraj/Current Classes/ECE362/lab3/src/autotest.o
 .text.check_port_b_input2
                0x000000000800381c      0x190 /Users/raghuramselvaraj/Current Classes/ECE362/lab3/src/autotest.o
 .text.check_port_c_output2
                0x00000000080039ac      0x100 /Users/raghuramselvaraj/Current Classes/ECE362/lab3/src/autotest.o
 .text.check_seq_leds2
                0x0000000008003aac      0x134 /Users/raghuramselvaraj/Current Classes/ECE362/lab3/src/autotest.o
 .text.check_detect_buttons2
                0x0000000008003be0      0x248 /Users/raghuramselvaraj/Current Classes/ECE362/lab3/src/autotest.o
 .text.autotest
                0x0000000008003e28      0x600 /Users/raghuramselvaraj/Current Classes/ECE362/lab3/src/autotest.o
                0x0000000008003e28                autotest
 .text.__libc_init_array
                0x0000000008004428       0x48 /Applications/Ac6/SystemWorkbench.app/Contents/Eclipse/plugins/fr.ac6.mcu.externaltools.arm-none.macos64_1.17.0.201812190825/tools/compiler/bin/../lib/gcc/arm-none-eabi/7.3.1/../../../../arm-none-eabi/lib/thumb/v6-m/libc.a(lib_a-init.o)
                0x0000000008004428                __libc_init_array
 .text.memcpy   0x0000000008004470       0x88 /Applications/Ac6/SystemWorkbench.app/Contents/Eclipse/plugins/fr.ac6.mcu.externaltools.arm-none.macos64_1.17.0.201812190825/tools/compiler/bin/../lib/gcc/arm-none-eabi/7.3.1/../../../../arm-none-eabi/lib/thumb/v6-m/libc.a(lib_a-memcpy-stub.o)
                0x0000000008004470                memcpy
 .text.memset   0x00000000080044f8       0x9c /Applications/Ac6/SystemWorkbench.app/Contents/Eclipse/plugins/fr.ac6.mcu.externaltools.arm-none.macos64_1.17.0.201812190825/tools/compiler/bin/../lib/gcc/arm-none-eabi/7.3.1/../../../../arm-none-eabi/lib/thumb/v6-m/libc.a(lib_a-memset.o)
                0x00000000080044f8                memset
 .text.srandom  0x0000000008004594       0x14 /Applications/Ac6/SystemWorkbench.app/Contents/Eclipse/plugins/fr.ac6.mcu.externaltools.arm-none.macos64_1.17.0.201812190825/tools/compiler/bin/../lib/gcc/arm-none-eabi/7.3.1/../../../../arm-none-eabi/lib/thumb/v6-m/libc.a(lib_a-random.o)
                0x0000000008004594                srandom
 .text.strcat   0x00000000080045a8       0x50 /Applications/Ac6/SystemWorkbench.app/Contents/Eclipse/plugins/fr.ac6.mcu.externaltools.arm-none.macos64_1.17.0.201812190825/tools/compiler/bin/../lib/gcc/arm-none-eabi/7.3.1/../../../../arm-none-eabi/lib/thumb/v6-m/libc.a(lib_a-strcat.o)
                0x00000000080045a8                strcat
 .text.strcpy   0x00000000080045f8       0x10 /Applications/Ac6/SystemWorkbench.app/Contents/Eclipse/plugins/fr.ac6.mcu.externaltools.arm-none.macos64_1.17.0.201812190825/tools/compiler/bin/../lib/gcc/arm-none-eabi/7.3.1/../../../../arm-none-eabi/lib/thumb/v6-m/libc.a(lib_a-strcpy.o)
                0x00000000080045f8                strcpy
 .text.strlen   0x0000000008004608       0x64 /Applications/Ac6/SystemWorkbench.app/Contents/Eclipse/plugins/fr.ac6.mcu.externaltools.arm-none.macos64_1.17.0.201812190825/tools/compiler/bin/../lib/gcc/arm-none-eabi/7.3.1/../../../../arm-none-eabi/lib/thumb/v6-m/libc.a(lib_a-strlen-stub.o)
                0x0000000008004608                strlen
 .text.strncpy  0x000000000800466c       0x8c /Applications/Ac6/SystemWorkbench.app/Contents/Eclipse/plugins/fr.ac6.mcu.externaltools.arm-none.macos64_1.17.0.201812190825/tools/compiler/bin/../lib/gcc/arm-none-eabi/7.3.1/../../../../arm-none-eabi/lib/thumb/v6-m/libc.a(lib_a-strncpy.o)
                0x000000000800466c                strncpy
 .text.startup.register_fini
                0x00000000080046f8       0x18 /Applications/Ac6/SystemWorkbench.app/Contents/Eclipse/plugins/fr.ac6.mcu.externaltools.arm-none.macos64_1.17.0.201812190825/tools/compiler/bin/../lib/gcc/arm-none-eabi/7.3.1/../../../../arm-none-eabi/lib/thumb/v6-m/libc.a(lib_a-__call_atexit.o)
 .text.atexit   0x0000000008004710       0x10 /Applications/Ac6/SystemWorkbench.app/Contents/Eclipse/plugins/fr.ac6.mcu.externaltools.arm-none.macos64_1.17.0.201812190825/tools/compiler/bin/../lib/gcc/arm-none-eabi/7.3.1/../../../../arm-none-eabi/lib/thumb/v6-m/libc.a(lib_a-atexit.o)
                0x0000000008004710                atexit
 .text.__libc_fini_array
                0x0000000008004720       0x34 /Applications/Ac6/SystemWorkbench.app/Contents/Eclipse/plugins/fr.ac6.mcu.externaltools.arm-none.macos64_1.17.0.201812190825/tools/compiler/bin/../lib/gcc/arm-none-eabi/7.3.1/../../../../arm-none-eabi/lib/thumb/v6-m/libc.a(lib_a-fini.o)
                0x0000000008004720                __libc_fini_array
 .text.__retarget_lock_acquire_recursive
                0x0000000008004754        0x4 /Applications/Ac6/SystemWorkbench.app/Contents/Eclipse/plugins/fr.ac6.mcu.externaltools.arm-none.macos64_1.17.0.201812190825/tools/compiler/bin/../lib/gcc/arm-none-eabi/7.3.1/../../../../arm-none-eabi/lib/thumb/v6-m/libc.a(lib_a-lock.o)
                0x0000000008004754                __retarget_lock_acquire_recursive
 .text.__retarget_lock_release_recursive
                0x0000000008004758        0x4 /Applications/Ac6/SystemWorkbench.app/Contents/Eclipse/plugins/fr.ac6.mcu.externaltools.arm-none.macos64_1.17.0.201812190825/tools/compiler/bin/../lib/gcc/arm-none-eabi/7.3.1/../../../../arm-none-eabi/lib/thumb/v6-m/libc.a(lib_a-lock.o)
                0x0000000008004758                __retarget_lock_release_recursive
 .text.__register_exitproc
                0x000000000800475c       0xf4 /Applications/Ac6/SystemWorkbench.app/Contents/Eclipse/plugins/fr.ac6.mcu.externaltools.arm-none.macos64_1.17.0.201812190825/tools/compiler/bin/../lib/gcc/arm-none-eabi/7.3.1/../../../../arm-none-eabi/lib/thumb/v6-m/libc.a(lib_a-__atexit.o)
                0x000000000800475c                __register_exitproc
 *(.glue_7)
 .glue_7        0x0000000008004850        0x0 linker stubs
 *(.glue_7t)
 .glue_7t       0x0000000008004850        0x0 linker stubs
 *(.eh_frame)
 .eh_frame      0x0000000008004850        0x0 /Applications/Ac6/SystemWorkbench.app/Contents/Eclipse/plugins/fr.ac6.mcu.externaltools.arm-none.macos64_1.17.0.201812190825/tools/compiler/bin/../lib/gcc/arm-none-eabi/7.3.1/thumb/v6-m/crtbegin.o
 *(.init)
 .init          0x0000000008004850        0x4 /Applications/Ac6/SystemWorkbench.app/Contents/Eclipse/plugins/fr.ac6.mcu.externaltools.arm-none.macos64_1.17.0.201812190825/tools/compiler/bin/../lib/gcc/arm-none-eabi/7.3.1/thumb/v6-m/crti.o
                0x0000000008004850                _init
 .init          0x0000000008004854        0x8 /Applications/Ac6/SystemWorkbench.app/Contents/Eclipse/plugins/fr.ac6.mcu.externaltools.arm-none.macos64_1.17.0.201812190825/tools/compiler/bin/../lib/gcc/arm-none-eabi/7.3.1/thumb/v6-m/crtn.o
 *(.fini)
 .fini          0x000000000800485c        0x4 /Applications/Ac6/SystemWorkbench.app/Contents/Eclipse/plugins/fr.ac6.mcu.externaltools.arm-none.macos64_1.17.0.201812190825/tools/compiler/bin/../lib/gcc/arm-none-eabi/7.3.1/thumb/v6-m/crti.o
                0x000000000800485c                _fini
 .fini          0x0000000008004860        0x8 /Applications/Ac6/SystemWorkbench.app/Contents/Eclipse/plugins/fr.ac6.mcu.externaltools.arm-none.macos64_1.17.0.201812190825/tools/compiler/bin/../lib/gcc/arm-none-eabi/7.3.1/thumb/v6-m/crtn.o
                0x0000000008004868                . = ALIGN (0x4)
                0x0000000008004868                _etext = .

.vfp11_veneer   0x0000000008004868        0x0
 .vfp11_veneer  0x0000000008004868        0x0 linker stubs

.v4_bx          0x0000000008004868        0x0
 .v4_bx         0x0000000008004868        0x0 linker stubs

.iplt           0x0000000008004868        0x0
 .iplt          0x0000000008004868        0x0 /Applications/Ac6/SystemWorkbench.app/Contents/Eclipse/plugins/fr.ac6.mcu.externaltools.arm-none.macos64_1.17.0.201812190825/tools/compiler/bin/../lib/gcc/arm-none-eabi/7.3.1/thumb/v6-m/crtbegin.o

.rodata         0x0000000008004868      0x818
                0x0000000008004868                . = ALIGN (0x4)
 *(.rodata)
 .rodata        0x0000000008004868      0x814 /Users/raghuramselvaraj/Current Classes/ECE362/lab3/src/autotest.o
 *(.rodata*)
 .rodata._global_impure_ptr
                0x000000000800507c        0x4 /Applications/Ac6/SystemWorkbench.app/Contents/Eclipse/plugins/fr.ac6.mcu.externaltools.arm-none.macos64_1.17.0.201812190825/tools/compiler/bin/../lib/gcc/arm-none-eabi/7.3.1/../../../../arm-none-eabi/lib/thumb/v6-m/libc.a(lib_a-impure.o)
                0x000000000800507c                _global_impure_ptr
                0x0000000008005080                . = ALIGN (0x4)

.rel.dyn        0x0000000008005080        0x0
 .rel.iplt      0x0000000008005080        0x0 /Applications/Ac6/SystemWorkbench.app/Contents/Eclipse/plugins/fr.ac6.mcu.externaltools.arm-none.macos64_1.17.0.201812190825/tools/compiler/bin/../lib/gcc/arm-none-eabi/7.3.1/thumb/v6-m/crtbegin.o

.ARM.extab      0x0000000008005080        0x0
                0x0000000008005080                . = ALIGN (0x4)
 *(.ARM.extab* .gnu.linkonce.armextab.*)
                0x0000000008005080                . = ALIGN (0x4)

.ARM            0x0000000008005080        0x0
                0x0000000008005080                . = ALIGN (0x4)
                0x0000000008005080                __exidx_start = .
 *(.ARM.exidx*)
                0x0000000008005080                __exidx_end = .
                0x0000000008005080                . = ALIGN (0x4)

.preinit_array  0x0000000008005080        0x0
                0x0000000008005080                . = ALIGN (0x4)
                0x0000000008005080                PROVIDE (__preinit_array_start = .)
 *(.preinit_array*)
                0x0000000008005080                PROVIDE (__preinit_array_end = .)
                0x0000000008005080                . = ALIGN (0x4)

.init_array     0x0000000008005080        0x8
                0x0000000008005080                . = ALIGN (0x4)
                0x0000000008005080                PROVIDE (__init_array_start = .)
 *(SORT_BY_NAME(.init_array.*))
 .init_array.00000
                0x0000000008005080        0x4 /Applications/Ac6/SystemWorkbench.app/Contents/Eclipse/plugins/fr.ac6.mcu.externaltools.arm-none.macos64_1.17.0.201812190825/tools/compiler/bin/../lib/gcc/arm-none-eabi/7.3.1/../../../../arm-none-eabi/lib/thumb/v6-m/libc.a(lib_a-__call_atexit.o)
 *(.init_array*)
 .init_array    0x0000000008005084        0x4 /Applications/Ac6/SystemWorkbench.app/Contents/Eclipse/plugins/fr.ac6.mcu.externaltools.arm-none.macos64_1.17.0.201812190825/tools/compiler/bin/../lib/gcc/arm-none-eabi/7.3.1/thumb/v6-m/crtbegin.o
                0x0000000008005088                PROVIDE (__init_array_end = .)
                0x0000000008005088                . = ALIGN (0x4)

.fini_array     0x0000000008005088        0x4
                0x0000000008005088                . = ALIGN (0x4)
                0x0000000008005088                PROVIDE (__fini_array_start = .)
 *(SORT_BY_NAME(.fini_array.*))
 *(.fini_array*)
 .fini_array    0x0000000008005088        0x4 /Applications/Ac6/SystemWorkbench.app/Contents/Eclipse/plugins/fr.ac6.mcu.externaltools.arm-none.macos64_1.17.0.201812190825/tools/compiler/bin/../lib/gcc/arm-none-eabi/7.3.1/thumb/v6-m/crtbegin.o
                0x000000000800508c                PROVIDE (__fini_array_end = .)
                0x000000000800508c                . = ALIGN (0x4)
                0x000000000800508c                _sidata = LOADADDR (.data)

.data           0x0000000020000000      0x444 load address 0x000000000800508c
                0x0000000020000000                . = ALIGN (0x4)
                0x0000000020000000                _sdata = .
 *(.data)
 .data          0x0000000020000000       0x14 src/main.o
                0x0000000020000000                state
                0x0000000020000010                state2
 *(.data*)
 .data._impure_ptr
                0x0000000020000014        0x4 /Applications/Ac6/SystemWorkbench.app/Contents/Eclipse/plugins/fr.ac6.mcu.externaltools.arm-none.macos64_1.17.0.201812190825/tools/compiler/bin/../lib/gcc/arm-none-eabi/7.3.1/../../../../arm-none-eabi/lib/thumb/v6-m/libc.a(lib_a-impure.o)
                0x0000000020000014                _impure_ptr
 .data.impure_data
                0x0000000020000018      0x428 /Applications/Ac6/SystemWorkbench.app/Contents/Eclipse/plugins/fr.ac6.mcu.externaltools.arm-none.macos64_1.17.0.201812190825/tools/compiler/bin/../lib/gcc/arm-none-eabi/7.3.1/../../../../arm-none-eabi/lib/thumb/v6-m/libc.a(lib_a-impure.o)
 .data.__atexit_recursive_mutex
                0x0000000020000440        0x4 /Applications/Ac6/SystemWorkbench.app/Contents/Eclipse/plugins/fr.ac6.mcu.externaltools.arm-none.macos64_1.17.0.201812190825/tools/compiler/bin/../lib/gcc/arm-none-eabi/7.3.1/../../../../arm-none-eabi/lib/thumb/v6-m/libc.a(lib_a-__call_atexit.o)
                0x0000000020000440                __atexit_recursive_mutex
                0x0000000020000444                . = ALIGN (0x4)
                0x0000000020000444                _edata = .

.igot.plt       0x0000000020000444        0x0 load address 0x00000000080054d0
 .igot.plt      0x0000000020000444        0x0 /Applications/Ac6/SystemWorkbench.app/Contents/Eclipse/plugins/fr.ac6.mcu.externaltools.arm-none.macos64_1.17.0.201812190825/tools/compiler/bin/../lib/gcc/arm-none-eabi/7.3.1/thumb/v6-m/crtbegin.o
                0x0000000020000444                . = ALIGN (0x4)

.bss            0x0000000020000444      0x400 load address 0x00000000080054d0
                0x0000000020000444                _sbss = .
                0x0000000020000444                __bss_start__ = _sbss
 *(.bss)
 .bss           0x0000000020000444       0x1c /Applications/Ac6/SystemWorkbench.app/Contents/Eclipse/plugins/fr.ac6.mcu.externaltools.arm-none.macos64_1.17.0.201812190825/tools/compiler/bin/../lib/gcc/arm-none-eabi/7.3.1/thumb/v6-m/crtbegin.o
 .bss           0x0000000020000460      0x3c0 /Users/raghuramselvaraj/Current Classes/ECE362/lab3/src/autotest.o
 *(.bss*)
 *(COMMON)
 COMMON         0x0000000020000820       0x21 /Applications/Ac6/SystemWorkbench.app/Contents/Eclipse/plugins/fr.ac6.mcu.externaltools.arm-none.macos64_1.17.0.201812190825/tools/compiler/bin/../lib/gcc/arm-none-eabi/7.3.1/../../../../arm-none-eabi/lib/thumb/v6-m/libc.a(lib_a-lock.o)
                0x0000000020000820                __lock___atexit_recursive_mutex
                0x0000000020000824                __lock___arc4random_mutex
                0x0000000020000828                __lock___env_recursive_mutex
                0x000000002000082c                __lock___sinit_recursive_mutex
                0x0000000020000830                __lock___malloc_recursive_mutex
                0x0000000020000834                __lock___at_quick_exit_mutex
                0x0000000020000838                __lock___dd_hash_mutex
                0x000000002000083c                __lock___tz_mutex
                0x0000000020000840                __lock___sfp_recursive_mutex
                0x0000000020000844                . = ALIGN (0x4)
 *fill*         0x0000000020000841        0x3 
                0x0000000020000844                _ebss = .
                0x0000000020000844                __bss_end__ = _ebss

._user_heap_stack
                0x0000000020000844      0x404 load address 0x00000000080054d0
                0x0000000020000848                . = ALIGN (0x8)
 *fill*         0x0000000020000844        0x4 
                0x0000000020000848                PROVIDE (end = .)
                [!provide]                        PROVIDE (_end = .)
                0x0000000020000848                . = (. + _Min_Heap_Size)
                0x0000000020000c48                . = (. + _Min_Stack_Size)
 *fill*         0x0000000020000848      0x400 
                0x0000000020000c48                . = ALIGN (0x8)

/DISCARD/
 libc.a(*)
 libm.a(*)
 libgcc.a(*)

.ARM.attributes
                0x0000000000000000       0x28
 *(.ARM.attributes)
 .ARM.attributes
                0x0000000000000000       0x1e /Applications/Ac6/SystemWorkbench.app/Contents/Eclipse/plugins/fr.ac6.mcu.externaltools.arm-none.macos64_1.17.0.201812190825/tools/compiler/bin/../lib/gcc/arm-none-eabi/7.3.1/thumb/v6-m/crti.o
 .ARM.attributes
                0x000000000000001e       0x2c /Applications/Ac6/SystemWorkbench.app/Contents/Eclipse/plugins/fr.ac6.mcu.externaltools.arm-none.macos64_1.17.0.201812190825/tools/compiler/bin/../lib/gcc/arm-none-eabi/7.3.1/thumb/v6-m/crtbegin.o
 .ARM.attributes
                0x000000000000004a       0x21 src/main.o
 .ARM.attributes
                0x000000000000006b       0x31 src/system_stm32f0xx.o
 .ARM.attributes
                0x000000000000009c       0x21 startup/startup_stm32.o
 .ARM.attributes
                0x00000000000000bd       0x31 /Users/raghuramselvaraj/Current Classes/ECE362/lab3/src/autotest.o
 .ARM.attributes
                0x00000000000000ee       0x1e /Applications/Ac6/SystemWorkbench.app/Contents/Eclipse/plugins/fr.ac6.mcu.externaltools.arm-none.macos64_1.17.0.201812190825/tools/compiler/bin/../lib/gcc/arm-none-eabi/7.3.1/thumb/v6-m/libgcc.a(_divsi3.o)
 .ARM.attributes
                0x000000000000010c       0x1e /Applications/Ac6/SystemWorkbench.app/Contents/Eclipse/plugins/fr.ac6.mcu.externaltools.arm-none.macos64_1.17.0.201812190825/tools/compiler/bin/../lib/gcc/arm-none-eabi/7.3.1/thumb/v6-m/libgcc.a(_dvmd_tls.o)
 .ARM.attributes
                0x000000000000012a       0x2c /Applications/Ac6/SystemWorkbench.app/Contents/Eclipse/plugins/fr.ac6.mcu.externaltools.arm-none.macos64_1.17.0.201812190825/tools/compiler/bin/../lib/gcc/arm-none-eabi/7.3.1/../../../../arm-none-eabi/lib/thumb/v6-m/libc.a(lib_a-impure.o)
 .ARM.attributes
                0x0000000000000156       0x2c /Applications/Ac6/SystemWorkbench.app/Contents/Eclipse/plugins/fr.ac6.mcu.externaltools.arm-none.macos64_1.17.0.201812190825/tools/compiler/bin/../lib/gcc/arm-none-eabi/7.3.1/../../../../arm-none-eabi/lib/thumb/v6-m/libc.a(lib_a-init.o)
 .ARM.attributes
                0x0000000000000182       0x2c /Applications/Ac6/SystemWorkbench.app/Contents/Eclipse/plugins/fr.ac6.mcu.externaltools.arm-none.macos64_1.17.0.201812190825/tools/compiler/bin/../lib/gcc/arm-none-eabi/7.3.1/../../../../arm-none-eabi/lib/thumb/v6-m/libc.a(lib_a-memcpy-stub.o)
 .ARM.attributes
                0x00000000000001ae       0x2c /Applications/Ac6/SystemWorkbench.app/Contents/Eclipse/plugins/fr.ac6.mcu.externaltools.arm-none.macos64_1.17.0.201812190825/tools/compiler/bin/../lib/gcc/arm-none-eabi/7.3.1/../../../../arm-none-eabi/lib/thumb/v6-m/libc.a(lib_a-memset.o)
 .ARM.attributes
                0x00000000000001da       0x2c /Applications/Ac6/SystemWorkbench.app/Contents/Eclipse/plugins/fr.ac6.mcu.externaltools.arm-none.macos64_1.17.0.201812190825/tools/compiler/bin/../lib/gcc/arm-none-eabi/7.3.1/../../../../arm-none-eabi/lib/thumb/v6-m/libc.a(lib_a-random.o)
 .ARM.attributes
                0x0000000000000206       0x2c /Applications/Ac6/SystemWorkbench.app/Contents/Eclipse/plugins/fr.ac6.mcu.externaltools.arm-none.macos64_1.17.0.201812190825/tools/compiler/bin/../lib/gcc/arm-none-eabi/7.3.1/../../../../arm-none-eabi/lib/thumb/v6-m/libc.a(lib_a-strcat.o)
 .ARM.attributes
                0x0000000000000232       0x1b /Applications/Ac6/SystemWorkbench.app/Contents/Eclipse/plugins/fr.ac6.mcu.externaltools.arm-none.macos64_1.17.0.201812190825/tools/compiler/bin/../lib/gcc/arm-none-eabi/7.3.1/../../../../arm-none-eabi/lib/thumb/v6-m/libc.a(lib_a-strcmp.o)
 .ARM.attributes
                0x000000000000024d       0x2c /Applications/Ac6/SystemWorkbench.app/Contents/Eclipse/plugins/fr.ac6.mcu.externaltools.arm-none.macos64_1.17.0.201812190825/tools/compiler/bin/../lib/gcc/arm-none-eabi/7.3.1/../../../../arm-none-eabi/lib/thumb/v6-m/libc.a(lib_a-strcpy.o)
 .ARM.attributes
                0x0000000000000279       0x2c /Applications/Ac6/SystemWorkbench.app/Contents/Eclipse/plugins/fr.ac6.mcu.externaltools.arm-none.macos64_1.17.0.201812190825/tools/compiler/bin/../lib/gcc/arm-none-eabi/7.3.1/../../../../arm-none-eabi/lib/thumb/v6-m/libc.a(lib_a-strlen-stub.o)
 .ARM.attributes
                0x00000000000002a5       0x2c /Applications/Ac6/SystemWorkbench.app/Contents/Eclipse/plugins/fr.ac6.mcu.externaltools.arm-none.macos64_1.17.0.201812190825/tools/compiler/bin/../lib/gcc/arm-none-eabi/7.3.1/../../../../arm-none-eabi/lib/thumb/v6-m/libc.a(lib_a-strncpy.o)
 .ARM.attributes
                0x00000000000002d1       0x2c /Applications/Ac6/SystemWorkbench.app/Contents/Eclipse/plugins/fr.ac6.mcu.externaltools.arm-none.macos64_1.17.0.201812190825/tools/compiler/bin/../lib/gcc/arm-none-eabi/7.3.1/../../../../arm-none-eabi/lib/thumb/v6-m/libc.a(lib_a-__call_atexit.o)
 .ARM.attributes
                0x00000000000002fd       0x2c /Applications/Ac6/SystemWorkbench.app/Contents/Eclipse/plugins/fr.ac6.mcu.externaltools.arm-none.macos64_1.17.0.201812190825/tools/compiler/bin/../lib/gcc/arm-none-eabi/7.3.1/../../../../arm-none-eabi/lib/thumb/v6-m/libc.a(lib_a-atexit.o)
 .ARM.attributes
                0x0000000000000329       0x2c /Applications/Ac6/SystemWorkbench.app/Contents/Eclipse/plugins/fr.ac6.mcu.externaltools.arm-none.macos64_1.17.0.201812190825/tools/compiler/bin/../lib/gcc/arm-none-eabi/7.3.1/../../../../arm-none-eabi/lib/thumb/v6-m/libc.a(lib_a-fini.o)
 .ARM.attributes
                0x0000000000000355       0x2c /Applications/Ac6/SystemWorkbench.app/Contents/Eclipse/plugins/fr.ac6.mcu.externaltools.arm-none.macos64_1.17.0.201812190825/tools/compiler/bin/../lib/gcc/arm-none-eabi/7.3.1/../../../../arm-none-eabi/lib/thumb/v6-m/libc.a(lib_a-lock.o)
 .ARM.attributes
                0x0000000000000381       0x2c /Applications/Ac6/SystemWorkbench.app/Contents/Eclipse/plugins/fr.ac6.mcu.externaltools.arm-none.macos64_1.17.0.201812190825/tools/compiler/bin/../lib/gcc/arm-none-eabi/7.3.1/../../../../arm-none-eabi/lib/thumb/v6-m/libc.a(lib_a-__atexit.o)
 .ARM.attributes
                0x00000000000003ad       0x1e /Applications/Ac6/SystemWorkbench.app/Contents/Eclipse/plugins/fr.ac6.mcu.externaltools.arm-none.macos64_1.17.0.201812190825/tools/compiler/bin/../lib/gcc/arm-none-eabi/7.3.1/thumb/v6-m/crtn.o
OUTPUT(lab3.elf elf32-littlearm)

.debug_line     0x0000000000000000      0x8a5
 .debug_line    0x0000000000000000      0x167 src/main.o
 .debug_line    0x0000000000000167      0x6c2 src/system_stm32f0xx.o
 .debug_line    0x0000000000000829       0x7c startup/startup_stm32.o

.debug_info     0x0000000000000000      0x34e
 .debug_info    0x0000000000000000       0x26 src/main.o
 .debug_info    0x0000000000000026      0x306 src/system_stm32f0xx.o
 .debug_info    0x000000000000032c       0x22 startup/startup_stm32.o

.debug_abbrev   0x0000000000000000      0x181
 .debug_abbrev  0x0000000000000000       0x14 src/main.o
 .debug_abbrev  0x0000000000000014      0x15b src/system_stm32f0xx.o
 .debug_abbrev  0x000000000000016f       0x12 startup/startup_stm32.o

.debug_aranges  0x0000000000000000       0x78
 .debug_aranges
                0x0000000000000000       0x20 src/main.o
 .debug_aranges
                0x0000000000000020       0x30 src/system_stm32f0xx.o
 .debug_aranges
                0x0000000000000050       0x28 startup/startup_stm32.o

.debug_str      0x0000000000000000    0x4a95a
 .debug_str     0x0000000000000000       0x56 src/main.o
 .debug_str     0x0000000000000056    0x4a8e9 src/system_stm32f0xx.o
                                      0x4aa9d (size before relaxing)
 .debug_str     0x000000000004a93f       0x1b startup/startup_stm32.o
                                         0x63 (size before relaxing)

.debug_ranges   0x0000000000000000       0x40
 .debug_ranges  0x0000000000000000       0x20 src/system_stm32f0xx.o
 .debug_ranges  0x0000000000000020       0x20 startup/startup_stm32.o

.debug_macro    0x0000000000000000      0x189
 .debug_macro   0x0000000000000000      0x189 src/system_stm32f0xx.o

.comment        0x0000000000000000       0x7f
 .comment       0x0000000000000000       0x7f src/system_stm32f0xx.o
                                         0x80 (size before relaxing)
 .comment       0x000000000000007f       0x80 /Users/raghuramselvaraj/Current Classes/ECE362/lab3/src/autotest.o

.debug_frame    0x0000000000000000      0x3ac
 .debug_frame   0x0000000000000000       0x6c src/system_stm32f0xx.o
 .debug_frame   0x000000000000006c       0x20 /Applications/Ac6/SystemWorkbench.app/Contents/Eclipse/plugins/fr.ac6.mcu.externaltools.arm-none.macos64_1.17.0.201812190825/tools/compiler/bin/../lib/gcc/arm-none-eabi/7.3.1/thumb/v6-m/libgcc.a(_divsi3.o)
 .debug_frame   0x000000000000008c       0x2c /Applications/Ac6/SystemWorkbench.app/Contents/Eclipse/plugins/fr.ac6.mcu.externaltools.arm-none.macos64_1.17.0.201812190825/tools/compiler/bin/../lib/gcc/arm-none-eabi/7.3.1/../../../../arm-none-eabi/lib/thumb/v6-m/libc.a(lib_a-init.o)
 .debug_frame   0x00000000000000b8       0x30 /Applications/Ac6/SystemWorkbench.app/Contents/Eclipse/plugins/fr.ac6.mcu.externaltools.arm-none.macos64_1.17.0.201812190825/tools/compiler/bin/../lib/gcc/arm-none-eabi/7.3.1/../../../../arm-none-eabi/lib/thumb/v6-m/libc.a(lib_a-memcpy-stub.o)
 .debug_frame   0x00000000000000e8       0x30 /Applications/Ac6/SystemWorkbench.app/Contents/Eclipse/plugins/fr.ac6.mcu.externaltools.arm-none.macos64_1.17.0.201812190825/tools/compiler/bin/../lib/gcc/arm-none-eabi/7.3.1/../../../../arm-none-eabi/lib/thumb/v6-m/libc.a(lib_a-memset.o)
 .debug_frame   0x0000000000000118       0x38 /Applications/Ac6/SystemWorkbench.app/Contents/Eclipse/plugins/fr.ac6.mcu.externaltools.arm-none.macos64_1.17.0.201812190825/tools/compiler/bin/../lib/gcc/arm-none-eabi/7.3.1/../../../../arm-none-eabi/lib/thumb/v6-m/libc.a(lib_a-random.o)
 .debug_frame   0x0000000000000150       0x2c /Applications/Ac6/SystemWorkbench.app/Contents/Eclipse/plugins/fr.ac6.mcu.externaltools.arm-none.macos64_1.17.0.201812190825/tools/compiler/bin/../lib/gcc/arm-none-eabi/7.3.1/../../../../arm-none-eabi/lib/thumb/v6-m/libc.a(lib_a-strcat.o)
 .debug_frame   0x000000000000017c       0x20 /Applications/Ac6/SystemWorkbench.app/Contents/Eclipse/plugins/fr.ac6.mcu.externaltools.arm-none.macos64_1.17.0.201812190825/tools/compiler/bin/../lib/gcc/arm-none-eabi/7.3.1/../../../../arm-none-eabi/lib/thumb/v6-m/libc.a(lib_a-strcmp.o)
 .debug_frame   0x000000000000019c       0x20 /Applications/Ac6/SystemWorkbench.app/Contents/Eclipse/plugins/fr.ac6.mcu.externaltools.arm-none.macos64_1.17.0.201812190825/tools/compiler/bin/../lib/gcc/arm-none-eabi/7.3.1/../../../../arm-none-eabi/lib/thumb/v6-m/libc.a(lib_a-strcpy.o)
 .debug_frame   0x00000000000001bc       0x28 /Applications/Ac6/SystemWorkbench.app/Contents/Eclipse/plugins/fr.ac6.mcu.externaltools.arm-none.macos64_1.17.0.201812190825/tools/compiler/bin/../lib/gcc/arm-none-eabi/7.3.1/../../../../arm-none-eabi/lib/thumb/v6-m/libc.a(lib_a-strlen-stub.o)
 .debug_frame   0x00000000000001e4       0x34 /Applications/Ac6/SystemWorkbench.app/Contents/Eclipse/plugins/fr.ac6.mcu.externaltools.arm-none.macos64_1.17.0.201812190825/tools/compiler/bin/../lib/gcc/arm-none-eabi/7.3.1/../../../../arm-none-eabi/lib/thumb/v6-m/libc.a(lib_a-strncpy.o)
 .debug_frame   0x0000000000000218       0x54 /Applications/Ac6/SystemWorkbench.app/Contents/Eclipse/plugins/fr.ac6.mcu.externaltools.arm-none.macos64_1.17.0.201812190825/tools/compiler/bin/../lib/gcc/arm-none-eabi/7.3.1/../../../../arm-none-eabi/lib/thumb/v6-m/libc.a(lib_a-__call_atexit.o)
 .debug_frame   0x000000000000026c       0x28 /Applications/Ac6/SystemWorkbench.app/Contents/Eclipse/plugins/fr.ac6.mcu.externaltools.arm-none.macos64_1.17.0.201812190825/tools/compiler/bin/../lib/gcc/arm-none-eabi/7.3.1/../../../../arm-none-eabi/lib/thumb/v6-m/libc.a(lib_a-atexit.o)
 .debug_frame   0x0000000000000294       0x2c /Applications/Ac6/SystemWorkbench.app/Contents/Eclipse/plugins/fr.ac6.mcu.externaltools.arm-none.macos64_1.17.0.201812190825/tools/compiler/bin/../lib/gcc/arm-none-eabi/7.3.1/../../../../arm-none-eabi/lib/thumb/v6-m/libc.a(lib_a-fini.o)
 .debug_frame   0x00000000000002c0       0xb0 /Applications/Ac6/SystemWorkbench.app/Contents/Eclipse/plugins/fr.ac6.mcu.externaltools.arm-none.macos64_1.17.0.201812190825/tools/compiler/bin/../lib/gcc/arm-none-eabi/7.3.1/../../../../arm-none-eabi/lib/thumb/v6-m/libc.a(lib_a-lock.o)
 .debug_frame   0x0000000000000370       0x3c /Applications/Ac6/SystemWorkbench.app/Contents/Eclipse/plugins/fr.ac6.mcu.externaltools.arm-none.macos64_1.17.0.201812190825/tools/compiler/bin/../lib/gcc/arm-none-eabi/7.3.1/../../../../arm-none-eabi/lib/thumb/v6-m/libc.a(lib_a-__atexit.o)
