Archive member included to satisfy reference by file (symbol)

/Applications/Ac6/SystemWorkbench.app/Contents/Eclipse/plugins/fr.ac6.mcu.externaltools.arm-none.macos64_1.17.0.201812190825/tools/compiler/bin/../lib/gcc/arm-none-eabi/7.3.1/thumb/v6-m/libgcc.a(_udivsi3.o)
                              StdPeriph_Driver/src/stm32f0xx_rcc.o (__aeabi_uidiv)
/Applications/Ac6/SystemWorkbench.app/Contents/Eclipse/plugins/fr.ac6.mcu.externaltools.arm-none.macos64_1.17.0.201812190825/tools/compiler/bin/../lib/gcc/arm-none-eabi/7.3.1/thumb/v6-m/libgcc.a(_divsi3.o)
                              /Users/raghuramselvaraj/Current Classes/ECE362/lab9/src/autotest.o (__aeabi_idiv)
/Applications/Ac6/SystemWorkbench.app/Contents/Eclipse/plugins/fr.ac6.mcu.externaltools.arm-none.macos64_1.17.0.201812190825/tools/compiler/bin/../lib/gcc/arm-none-eabi/7.3.1/thumb/v6-m/libgcc.a(_dvmd_tls.o)
                              /Applications/Ac6/SystemWorkbench.app/Contents/Eclipse/plugins/fr.ac6.mcu.externaltools.arm-none.macos64_1.17.0.201812190825/tools/compiler/bin/../lib/gcc/arm-none-eabi/7.3.1/thumb/v6-m/libgcc.a(_udivsi3.o) (__aeabi_idiv0)
/Applications/Ac6/SystemWorkbench.app/Contents/Eclipse/plugins/fr.ac6.mcu.externaltools.arm-none.macos64_1.17.0.201812190825/tools/compiler/bin/../lib/gcc/arm-none-eabi/7.3.1/../../../../arm-none-eabi/lib/thumb/v6-m/libc.a(lib_a-errno.o)
                              src/syscalls.o (__errno)
/Applications/Ac6/SystemWorkbench.app/Contents/Eclipse/plugins/fr.ac6.mcu.externaltools.arm-none.macos64_1.17.0.201812190825/tools/compiler/bin/../lib/gcc/arm-none-eabi/7.3.1/../../../../arm-none-eabi/lib/thumb/v6-m/libc.a(lib_a-exit.o)
                              /Applications/Ac6/SystemWorkbench.app/Contents/Eclipse/plugins/fr.ac6.mcu.externaltools.arm-none.macos64_1.17.0.201812190825/tools/compiler/bin/../lib/gcc/arm-none-eabi/7.3.1/../../../../arm-none-eabi/lib/thumb/v6-m/crt0.o (exit)
/Applications/Ac6/SystemWorkbench.app/Contents/Eclipse/plugins/fr.ac6.mcu.externaltools.arm-none.macos64_1.17.0.201812190825/tools/compiler/bin/../lib/gcc/arm-none-eabi/7.3.1/../../../../arm-none-eabi/lib/thumb/v6-m/libc.a(lib_a-impure.o)
                              /Applications/Ac6/SystemWorkbench.app/Contents/Eclipse/plugins/fr.ac6.mcu.externaltools.arm-none.macos64_1.17.0.201812190825/tools/compiler/bin/../lib/gcc/arm-none-eabi/7.3.1/../../../../arm-none-eabi/lib/thumb/v6-m/libc.a(lib_a-exit.o) (_global_impure_ptr)
/Applications/Ac6/SystemWorkbench.app/Contents/Eclipse/plugins/fr.ac6.mcu.externaltools.arm-none.macos64_1.17.0.201812190825/tools/compiler/bin/../lib/gcc/arm-none-eabi/7.3.1/../../../../arm-none-eabi/lib/thumb/v6-m/libc.a(lib_a-init.o)
                              /Applications/Ac6/SystemWorkbench.app/Contents/Eclipse/plugins/fr.ac6.mcu.externaltools.arm-none.macos64_1.17.0.201812190825/tools/compiler/bin/../lib/gcc/arm-none-eabi/7.3.1/../../../../arm-none-eabi/lib/thumb/v6-m/crt0.o (__libc_init_array)
/Applications/Ac6/SystemWorkbench.app/Contents/Eclipse/plugins/fr.ac6.mcu.externaltools.arm-none.macos64_1.17.0.201812190825/tools/compiler/bin/../lib/gcc/arm-none-eabi/7.3.1/../../../../arm-none-eabi/lib/thumb/v6-m/libc.a(lib_a-memcmp.o)
                              /Users/raghuramselvaraj/Current Classes/ECE362/lab9/src/autotest.o (memcmp)
/Applications/Ac6/SystemWorkbench.app/Contents/Eclipse/plugins/fr.ac6.mcu.externaltools.arm-none.macos64_1.17.0.201812190825/tools/compiler/bin/../lib/gcc/arm-none-eabi/7.3.1/../../../../arm-none-eabi/lib/thumb/v6-m/libc.a(lib_a-memcpy-stub.o)
                              /Users/raghuramselvaraj/Current Classes/ECE362/lab9/src/autotest.o (memcpy)
/Applications/Ac6/SystemWorkbench.app/Contents/Eclipse/plugins/fr.ac6.mcu.externaltools.arm-none.macos64_1.17.0.201812190825/tools/compiler/bin/../lib/gcc/arm-none-eabi/7.3.1/../../../../arm-none-eabi/lib/thumb/v6-m/libc.a(lib_a-memset.o)
                              /Applications/Ac6/SystemWorkbench.app/Contents/Eclipse/plugins/fr.ac6.mcu.externaltools.arm-none.macos64_1.17.0.201812190825/tools/compiler/bin/../lib/gcc/arm-none-eabi/7.3.1/../../../../arm-none-eabi/lib/thumb/v6-m/crt0.o (memset)
/Applications/Ac6/SystemWorkbench.app/Contents/Eclipse/plugins/fr.ac6.mcu.externaltools.arm-none.macos64_1.17.0.201812190825/tools/compiler/bin/../lib/gcc/arm-none-eabi/7.3.1/../../../../arm-none-eabi/lib/thumb/v6-m/libc.a(lib_a-random.o)
                              /Users/raghuramselvaraj/Current Classes/ECE362/lab9/src/autotest.o (srandom)
/Applications/Ac6/SystemWorkbench.app/Contents/Eclipse/plugins/fr.ac6.mcu.externaltools.arm-none.macos64_1.17.0.201812190825/tools/compiler/bin/../lib/gcc/arm-none-eabi/7.3.1/../../../../arm-none-eabi/lib/thumb/v6-m/libc.a(lib_a-strcat.o)
                              /Users/raghuramselvaraj/Current Classes/ECE362/lab9/src/autotest.o (strcat)
[...]
Memory Configuration

Name             Origin             Length             Attributes
RAM              0x0000000020000000 0x0000000000008000 xrw
ROM              0x0000000008000000 0x0000000000040000 xr
*default*        0x0000000000000000 0xffffffffffffffff

Linker script and memory map

LOAD /Applications/Ac6/SystemWorkbench.app/Contents/Eclipse/plugins/fr.ac6.mcu.externaltools.arm-none.macos64_1.17.0.201812190825/tools/compiler/bin/../lib/gcc/arm-none-eabi/7.3.1/thumb/v6-m/crti.o
LOAD /Applications/Ac6/SystemWorkbench.app/Contents/Eclipse/plugins/fr.ac6.mcu.externaltools.arm-none.macos64_1.17.0.201812190825/tools/compiler/bin/../lib/gcc/arm-none-eabi/7.3.1/thumb/v6-m/crtbegin.o
LOAD /Applications/Ac6/SystemWorkbench.app/Contents/Eclipse/plugins/fr.ac6.mcu.externaltools.arm-none.macos64_1.17.0.201812190825/tools/compiler/bin/../lib/gcc/arm-none-eabi/7.3.1/../../../../arm-none-eabi/lib/thumb/v6-m/crt0.o
LOAD StdPeriph_Driver/src/stm32f0xx_adc.o
LOAD StdPeriph_Driver/src/stm32f0xx_can.o
LOAD StdPeriph_Driver/src/stm32f0xx_cec.o
LOAD StdPeriph_Driver/src/stm32f0xx_comp.o
LOAD StdPeriph_Driver/src/stm32f0xx_crc.o
LOAD StdPeriph_Driver/src/stm32f0xx_crs.o
LOAD StdPeriph_Driver/src/stm32f0xx_dac.o
LOAD StdPeriph_Driver/src/stm32f0xx_dbgmcu.o
LOAD StdPeriph_Driver/src/stm32f0xx_dma.o
LOAD StdPeriph_Driver/src/stm32f0xx_exti.o
LOAD StdPeriph_Driver/src/stm32f0xx_flash.o
LOAD StdPeriph_Driver/src/stm32f0xx_gpio.o
LOAD StdPeriph_Driver/src/stm32f0xx_i2c.o
LOAD StdPeriph_Driver/src/stm32f0xx_iwdg.o
LOAD StdPeriph_Driver/src/stm32f0xx_misc.o
LOAD StdPeriph_Driver/src/stm32f0xx_pwr.o
LOAD StdPeriph_Driver/src/stm32f0xx_rcc.o
LOAD StdPeriph_Driver/src/stm32f0xx_rtc.o
LOAD StdPeriph_Driver/src/stm32f0xx_spi.o
LOAD StdPeriph_Driver/src/stm32f0xx_syscfg.o
LOAD StdPeriph_Driver/src/stm32f0xx_tim.o
LOAD StdPeriph_Driver/src/stm32f0xx_usart.o
LOAD StdPeriph_Driver/src/stm32f0xx_wwdg.o
LOAD src/main.o
LOAD src/syscalls.o
LOAD src/system_stm32f0xx.o
LOAD startup/startup_stm32.o
LOAD /Users/raghuramselvaraj/Current Classes/ECE362/lab9/src/autotest.o
LOAD /Applications/Ac6/SystemWorkbench.app/Contents/Eclipse/plugins/fr.ac6.mcu.externaltools.arm-none.macos64_1.17.0.201812190825/tools/compiler/bin/../lib/gcc/arm-none-eabi/7.3.1/../../../../arm-none-eabi/lib/thumb/v6-m/libm.a
START GROUP
LOAD /Applications/Ac6/SystemWorkbench.app/Contents/Eclipse/plugins/fr.ac6.mcu.externaltools.arm-none.macos64_1.17.0.201812190825/tools/compiler/bin/../lib/gcc/arm-none-eabi/7.3.1/thumb/v6-m/libgcc.a
LOAD /Applications/Ac6/SystemWorkbench.app/Contents/Eclipse/plugins/fr.ac6.mcu.externaltools.arm-none.macos64_1.17.0.201812190825/tools/compiler/bin/../lib/gcc/arm-none-eabi/7.3.1/../../../../arm-none-eabi/lib/thumb/v6-m/libc.a
END GROUP
LOAD /Applications/Ac6/SystemWorkbench.app/Contents/Eclipse/plugins/fr.ac6.mcu.externaltools.arm-none.macos64_1.17.0.201812190825/tools/compiler/bin/../lib/gcc/arm-none-eabi/7.3.1/thumb/v6-m/crtend.o
LOAD /Applications/Ac6/SystemWorkbench.app/Contents/Eclipse/plugins/fr.ac6.mcu.externaltools.arm-none.macos64_1.17.0.201812190825/tools/compiler/bin/../lib/gcc/arm-none-eabi/7.3.1/thumb/v6-m/crtn.o
                0x0000000020008000                _estack = 0x20008000
                0x0000000000000000                _Min_Heap_Size = 0x0
                0x0000000000000400                _Min_Stack_Size = 0x400

.isr_vector     0x0000000008000000       0xc0
                0x0000000008000000                . = ALIGN (0x4)
 *(.isr_vector)
 .isr_vector    0x0000000008000000       0xc0 startup/startup_stm32.o
                0x0000000008000000                g_pfnVectors
                0x00000000080000c0                . = ALIGN (0x4)

.text           0x00000000080000c0     0x4ac0
                0x00000000080000c0                . = ALIGN (0x4)
 *(.text)
 .text          0x00000000080000c0       0x48 /Applications/Ac6/SystemWorkbench.app/Contents/Eclipse/plugins/fr.ac6.mcu.externaltools.arm-none.macos64_1.17.0.201812190825/tools/compiler/bin/../lib/gcc/arm-none-eabi/7.3.1/thumb/v6-m/crtbegin.o
 .text          0x0000000008000108      0x1d4 /Applications/Ac6/SystemWorkbench.app/Contents/Eclipse/plugins/fr.ac6.mcu.externaltools.arm-none.macos64_1.17.0.201812190825/tools/compiler/bin/../lib/gcc/arm-none-eabi/7.3.1/thumb/v6-m/libgcc.a(_divsi3.o)
                0x0000000008000108                __aeabi_idiv
                0x0000000008000108                __divsi3
                0x00000000080002d4                __aeabi_idivmod
 .text          0x00000000080002dc        0x4 /Applications/Ac6/SystemWorkbench.app/Contents/Eclipse/plugins/fr.ac6.mcu.externaltools.arm-none.macos64_1.17.0.201812190825/tools/compiler/bin/../lib/gcc/arm-none-eabi/7.3.1/thumb/v6-m/libgcc.a(_dvmd_tls.o)
                0x00000000080002dc                __aeabi_ldiv0
                0x00000000080002dc                __aeabi_idiv0
 .text          0x00000000080002e0       0x88 /Applications/Ac6/SystemWorkbench.app/Contents/Eclipse/plugins/fr.ac6.mcu.externaltools.arm-none.macos64_1.17.0.201812190825/tools/compiler/bin/../lib/gcc/arm-none-eabi/7.3.1/../../../../arm-none-eabi/lib/thumb/v6-m/libc.a(lib_a-strcmp.o)
                0x00000000080002e0                strcmp
 .text          0x0000000008000368       0x54 /Applications/Ac6/SystemWorkbench.app/Contents/Eclipse/plugins/fr.ac6.mcu.externaltools.arm-none.macos64_1.17.0.201812190825/tools/compiler/bin/../lib/gcc/arm-none-eabi/7.3.1/thumb/v6-m/libgcc.a(_muldi3.o)
                0x0000000008000368                __aeabi_lmul
                0x0000000008000368                __muldi3
 *(.text*)
 .text.nano_wait
                0x00000000080003bc       0x18 src/main.o
                0x00000000080003bc                nano_wait
 .text.setup_i2c
                0x00000000080003d4      0x160 src/main.o
                0x00000000080003d4                setup_i2c
 .text.i2c_waitidle
                0x0000000008000534       0x24 src/main.o
                0x0000000008000534                i2c_waitidle
 .text.i2c_start
                0x0000000008000558       0x84 src/main.o
                0x0000000008000558                i2c_start
 .text.i2c_stop
                0x00000000080005dc       0x40 src/main.o
                0x00000000080005dc                i2c_stop
 .text.i2c_checknack
                0x000000000800061c       0x20 src/main.o
                0x000000000800061c                i2c_checknack
 .text.i2c_clearnack
                0x000000000800063c       0x1c src/main.o
                0x000000000800063c                i2c_clearnack
 .text.i2c_senddata
                0x0000000008000658       0xdc src/main.o
                0x0000000008000658                i2c_senddata
 .text.i2c_recvdata
                0x0000000008000734       0xc4 src/main.o
                0x0000000008000734                i2c_recvdata
 .text.i2c_set_iodir
                0x00000000080007f8       0x2c src/main.o
                0x00000000080007f8                i2c_set_iodir
 .text.i2c_set_gpio
                0x0000000008000824       0x2c src/main.o
                0x0000000008000824                i2c_set_gpio
 .text.i2c_get_gpio
                0x0000000008000850       0x38 src/main.o
                0x0000000008000850                i2c_get_gpio
 .text.i2c_write_flash
                0x0000000008000888       0x62 src/main.o
                0x0000000008000888                i2c_write_flash
 *fill*         0x00000000080008ea        0x2 
 .text.i2c_write_flash_complete
                0x00000000080008ec       0x58 src/main.o
                0x00000000080008ec                i2c_write_flash_complete
 .text.i2c_read_flash
                0x0000000008000944       0x7a src/main.o
                0x0000000008000944                i2c_read_flash
 *fill*         0x00000000080009be        0x2 
 .text.main     0x00000000080009c0      0x1b0 src/main.o
                0x00000000080009c0                main
 .text.SystemInit
                0x0000000008000b70       0x8c src/system_stm32f0xx.o
                0x0000000008000b70                SystemInit
 .text.SetSysClock
                0x0000000008000bfc       0xe0 src/system_stm32f0xx.o
 .text.Reset_Handler
                0x0000000008000cdc       0x50 startup/startup_stm32.o
                0x0000000008000cdc                Reset_Handler
 .text.Default_Handler
                0x0000000008000d2c        0x2 startup/startup_stm32.o
                0x0000000008000d2c                TIM1_BRK_UP_TRG_COM_IRQHandler
                0x0000000008000d2c                TIM1_CC_IRQHandler
                0x0000000008000d2c                TSC_IRQHandler
                0x0000000008000d2c                HardFault_Handler
                0x0000000008000d2c                SysTick_Handler
                0x0000000008000d2c                PVD_IRQHandler
                0x0000000008000d2c                PendSV_Handler
                0x0000000008000d2c                NMI_Handler
                0x0000000008000d2c                I2C1_IRQHandler
                0x0000000008000d2c                RCC_CRS_IRQHandler
                0x0000000008000d2c                SPI1_IRQHandler
                0x0000000008000d2c                TIM6_DAC_IRQHandler
                0x0000000008000d2c                EXTI2_3_IRQHandler
                0x0000000008000d2c                I2C2_IRQHandler
                0x0000000008000d2c                CEC_CAN_IRQHandler
                0x0000000008000d2c                RTC_IRQHandler
                0x0000000008000d2c                TIM3_IRQHandler
                0x0000000008000d2c                EXTI4_15_IRQHandler
                0x0000000008000d2c                Default_Handler
                0x0000000008000d2c                DMA1_CH2_3_DMA2_CH1_2_IRQHandler
                0x0000000008000d2c                TIM14_IRQHandler
                0x0000000008000d2c                TIM7_IRQHandler
                0x0000000008000d2c                TIM15_IRQHandler
                0x0000000008000d2c                EXTI0_1_IRQHandler
                0x0000000008000d2c                USB_IRQHandler
                0x0000000008000d2c                SPI2_IRQHandler
                0x0000000008000d2c                DMA1_CH1_IRQHandler
                0x0000000008000d2c                SVC_Handler
                0x0000000008000d2c                WWDG_IRQHandler
                0x0000000008000d2c                TIM2_IRQHandler
                0x0000000008000d2c                ADC_COMP_IRQHandler
                0x0000000008000d2c                USART2_IRQHandler
                0x0000000008000d2c                USART3_4_5_6_7_8_IRQHandler
                0x0000000008000d2c                FLASH_IRQHandler
                0x0000000008000d2c                USART1_IRQHandler
                0x0000000008000d2c                DMA1_CH4_5_6_7_DMA2_CH3_4_5_IRQHandler
 .text.nano_wait
                0x0000000008000d2e       0x18 /Users/raghuramselvaraj/Current Classes/ECE362/lab9/src/autotest.o
 *fill*         0x0000000008000d46        0x2 
 .text.milli_wait
                0x0000000008000d48       0x38 /Users/raghuramselvaraj/Current Classes/ECE362/lab9/src/autotest.o
 .text.usleep   0x0000000008000d80       0x54 /Users/raghuramselvaraj/Current Classes/ECE362/lab9/src/autotest.o
 .text.num_lsl  0x0000000008000dd4      0x14e /Users/raghuramselvaraj/Current Classes/ECE362/lab9/src/autotest.o
 .text.num_lsr  0x0000000008000f22       0xee /Users/raghuramselvaraj/Current Classes/ECE362/lab9/src/autotest.o
 .text.num_init
                0x0000000008001010       0x4a /Users/raghuramselvaraj/Current Classes/ECE362/lab9/src/autotest.o
 .text.num_init_int
                0x000000000800105a       0x26 /Users/raghuramselvaraj/Current Classes/ECE362/lab9/src/autotest.o
 .text.num_init_mem
                0x0000000008001080       0x5c /Users/raghuramselvaraj/Current Classes/ECE362/lab9/src/autotest.o
 .text.num_init_str
                0x00000000080010dc      0x122 /Users/raghuramselvaraj/Current Classes/ECE362/lab9/src/autotest.o
 .text.num_copy
                0x00000000080011fe       0x5e /Users/raghuramselvaraj/Current Classes/ECE362/lab9/src/autotest.o
 .text.num_assign
                0x000000000800125c       0x5e /Users/raghuramselvaraj/Current Classes/ECE362/lab9/src/autotest.o
 .text.num_bitsize
                0x00000000080012ba       0xc4 /Users/raghuramselvaraj/Current Classes/ECE362/lab9/src/autotest.o
 .text.num_add  0x000000000800137e      0x1d0 /Users/raghuramselvaraj/Current Classes/ECE362/lab9/src/autotest.o
 .text.num_inverse
                0x000000000800154e       0x52 /Users/raghuramselvaraj/Current Classes/ECE362/lab9/src/autotest.o
 .text.num_sub  0x00000000080015a0      0x25c /Users/raghuramselvaraj/Current Classes/ECE362/lab9/src/autotest.o
 .text.num_is_positive
                0x00000000080017fc       0x2a /Users/raghuramselvaraj/Current Classes/ECE362/lab9/src/autotest.o
 .text.num_is_greater
                0x0000000008001826       0xc4 /Users/raghuramselvaraj/Current Classes/ECE362/lab9/src/autotest.o
 .text.num_mul  0x00000000080018ea      0x186 /Users/raghuramselvaraj/Current Classes/ECE362/lab9/src/autotest.o
 .text.num_is_zero
                0x0000000008001a70       0x3e /Users/raghuramselvaraj/Current Classes/ECE362/lab9/src/autotest.o
 .text.num_is_odd
                0x0000000008001aae       0x20 /Users/raghuramselvaraj/Current Classes/ECE362/lab9/src/autotest.o
 .text.num_div  0x0000000008001ace      0x4ba /Users/raghuramselvaraj/Current Classes/ECE362/lab9/src/autotest.o
 .text.num_powmod
                0x0000000008001f88      0x23c /Users/raghuramselvaraj/Current Classes/ECE362/lab9/src/autotest.o
 .text.cmd      0x00000000080021c4       0x34 /Users/raghuramselvaraj/Current Classes/ECE362/lab9/src/autotest.o
 .text.data     0x00000000080021f8       0x40 /Users/raghuramselvaraj/Current Classes/ECE362/lab9/src/autotest.o
 .text.init_lcd
                0x0000000008002238      0x104 /Users/raghuramselvaraj/Current Classes/ECE362/lab9/src/autotest.o
 .text.display1
                0x000000000800233c       0x5a /Users/raghuramselvaraj/Current Classes/ECE362/lab9/src/autotest.o
 .text.display2
                0x0000000008002396       0x5a /Users/raghuramselvaraj/Current Classes/ECE362/lab9/src/autotest.o
 .text.scroll2  0x00000000080023f0       0xdc /Users/raghuramselvaraj/Current Classes/ECE362/lab9/src/autotest.o
 .text.init_pa0
                0x00000000080024cc       0x3c /Users/raghuramselvaraj/Current Classes/ECE362/lab9/src/autotest.o
 .text.wait_pa0_release
                0x0000000008002508       0x58 /Users/raghuramselvaraj/Current Classes/ECE362/lab9/src/autotest.o
 .text.wait_pa0_press
                0x0000000008002560       0x58 /Users/raghuramselvaraj/Current Classes/ECE362/lab9/src/autotest.o
 .text.spin     0x00000000080025b8        0xe /Users/raghuramselvaraj/Current Classes/ECE362/lab9/src/autotest.o
 *fill*         0x00000000080025c6        0x2 
 .text.check_cpu
                0x00000000080025c8       0x48 /Users/raghuramselvaraj/Current Classes/ECE362/lab9/src/autotest.o
 .text.check_mem
                0x0000000008002610       0x48 /Users/raghuramselvaraj/Current Classes/ECE362/lab9/src/autotest.o
 .text.check_clock
                0x0000000008002658      0x120 /Users/raghuramselvaraj/Current Classes/ECE362/lab9/src/autotest.o
 .text.get_ent  0x0000000008002778      0x138 /Users/raghuramselvaraj/Current Classes/ECE362/lab9/src/autotest.o
 .text.encode   0x00000000080028b0       0x8c /Users/raghuramselvaraj/Current Classes/ECE362/lab9/src/autotest.o
 .text.inform   0x000000000800293c      0x2f4 /Users/raghuramselvaraj/Current Classes/ECE362/lab9/src/autotest.o
 .text.internal_setup_i2c
                0x0000000008002c30      0x138 /Users/raghuramselvaraj/Current Classes/ECE362/lab9/src/autotest.o
 .text.internal_i2c_start
                0x0000000008002d68       0x8c /Users/raghuramselvaraj/Current Classes/ECE362/lab9/src/autotest.o
 .text.internal_i2c_stop
                0x0000000008002df4       0x40 /Users/raghuramselvaraj/Current Classes/ECE362/lab9/src/autotest.o
 .text.internal_i2c_waitidle
                0x0000000008002e34       0x24 /Users/raghuramselvaraj/Current Classes/ECE362/lab9/src/autotest.o
 .text.internal_i2c_senddata
                0x0000000008002e58       0xdc /Users/raghuramselvaraj/Current Classes/ECE362/lab9/src/autotest.o
 .text.internal_i2c_readdata
                0x0000000008002f34       0xa4 /Users/raghuramselvaraj/Current Classes/ECE362/lab9/src/autotest.o
 .text.internal_i2c_set_iodir
                0x0000000008002fd8       0x50 /Users/raghuramselvaraj/Current Classes/ECE362/lab9/src/autotest.o
 .text.internal_i2c_get_iodir
                0x0000000008003028       0x30 /Users/raghuramselvaraj/Current Classes/ECE362/lab9/src/autotest.o
 .text.internal_i2c_set_gpio
                0x0000000008003058       0x2c /Users/raghuramselvaraj/Current Classes/ECE362/lab9/src/autotest.o
 .text.internal_i2c_get_gpio
                0x0000000008003084       0x30 /Users/raghuramselvaraj/Current Classes/ECE362/lab9/src/autotest.o
 .text.internal_i2c_write_flash
                0x00000000080030b4       0x88 /Users/raghuramselvaraj/Current Classes/ECE362/lab9/src/autotest.o
 .text.internal_i2c_write_flash_complete
                0x000000000800313c       0x70 /Users/raghuramselvaraj/Current Classes/ECE362/lab9/src/autotest.o
 .text.internal_i2c_read_flash
                0x00000000080031ac       0x5e /Users/raghuramselvaraj/Current Classes/ECE362/lab9/src/autotest.o
 *fill*         0x000000000800320a        0x2 
 .text.check_wiring
                0x000000000800320c      0x1d4 /Users/raghuramselvaraj/Current Classes/ECE362/lab9/src/autotest.o
 .text.reset_i2c
                0x00000000080033e0       0x2c /Users/raghuramselvaraj/Current Classes/ECE362/lab9/src/autotest.o
 .text.check_setup_i2c
                0x000000000800340c      0x2a8 /Users/raghuramselvaraj/Current Classes/ECE362/lab9/src/autotest.o
 .text.check_i2c_set_iodir
                0x00000000080036b4       0x88 /Users/raghuramselvaraj/Current Classes/ECE362/lab9/src/autotest.o
 .text.check_i2c_set_gpio
                0x000000000800373c       0x8c /Users/raghuramselvaraj/Current Classes/ECE362/lab9/src/autotest.o
 .text.check_i2c_get_gpio
                0x00000000080037c8       0x94 /Users/raghuramselvaraj/Current Classes/ECE362/lab9/src/autotest.o
 .text.random_buf
                0x000000000800385c       0x96 /Users/raghuramselvaraj/Current Classes/ECE362/lab9/src/autotest.o
 *fill*         0x00000000080038f2        0x2 
 .text.check_i2c_write_flash
                0x00000000080038f4      0x1c4 /Users/raghuramselvaraj/Current Classes/ECE362/lab9/src/autotest.o
 .text.check_i2c_write_flash_complete
                0x0000000008003ab8       0xf4 /Users/raghuramselvaraj/Current Classes/ECE362/lab9/src/autotest.o
 .text.check_i2c_read_flash
                0x0000000008003bac      0x12c /Users/raghuramselvaraj/Current Classes/ECE362/lab9/src/autotest.o
 .text.TIM16_IRQHandler
                0x0000000008003cd8       0x2c /Users/raghuramselvaraj/Current Classes/ECE362/lab9/src/autotest.o
                0x0000000008003cd8                TIM16_IRQHandler
 .text.setup_tim16
                0x0000000008003d04       0x5c /Users/raghuramselvaraj/Current Classes/ECE362/lab9/src/autotest.o
 .text.internal_enable_ports
                0x0000000008003d60       0x7c /Users/raghuramselvaraj/Current Classes/ECE362/lab9/src/autotest.o
 .text.internal_show_digit
                0x0000000008003ddc       0x44 /Users/raghuramselvaraj/Current Classes/ECE362/lab9/src/autotest.o
 .text.internal_set_row
                0x0000000008003e20       0x2c /Users/raghuramselvaraj/Current Classes/ECE362/lab9/src/autotest.o
 .text.internal_get_cols
                0x0000000008003e4c       0x20 /Users/raghuramselvaraj/Current Classes/ECE362/lab9/src/autotest.o
 .text.internal_insert_queue
                0x0000000008003e6c       0x48 /Users/raghuramselvaraj/Current Classes/ECE362/lab9/src/autotest.o
 .text.internal_update_hist
                0x0000000008003eb4      0x110 /Users/raghuramselvaraj/Current Classes/ECE362/lab9/src/autotest.o
 .text.TIM17_IRQHandler
                0x0000000008003fc4       0x60 /Users/raghuramselvaraj/Current Classes/ECE362/lab9/src/autotest.o
                0x0000000008003fc4                TIM17_IRQHandler
 .text.setup_tim17
                0x0000000008004024       0x5c /Users/raghuramselvaraj/Current Classes/ECE362/lab9/src/autotest.o
 .text.autotest
                0x0000000008004080      0x640 /Users/raghuramselvaraj/Current Classes/ECE362/lab9/src/autotest.o
                0x0000000008004080                autotest
 .text.__libc_init_array
                0x00000000080046c0       0x48 /Applications/Ac6/SystemWorkbench.app/Contents/Eclipse/plugins/fr.ac6.mcu.externaltools.arm-none.macos64_1.17.0.201812190825/tools/compiler/bin/../lib/gcc/arm-none-eabi/7.3.1/../../../../arm-none-eabi/lib/thumb/v6-m/libc.a(lib_a-init.o)
                0x00000000080046c0                __libc_init_array
 .text.memcmp   0x0000000008004708       0x4c /Applications/Ac6/SystemWorkbench.app/Contents/Eclipse/plugins/fr.ac6.mcu.externaltools.arm-none.macos64_1.17.0.201812190825/tools/compiler/bin/../lib/gcc/arm-none-eabi/7.3.1/../../../../arm-none-eabi/lib/thumb/v6-m/libc.a(lib_a-memcmp.o)
                0x0000000008004708                memcmp
 .text.memcpy   0x0000000008004754       0x88 /Applications/Ac6/SystemWorkbench.app/Contents/Eclipse/plugins/fr.ac6.mcu.externaltools.arm-none.macos64_1.17.0.201812190825/tools/compiler/bin/../lib/gcc/arm-none-eabi/7.3.1/../../../../arm-none-eabi/lib/thumb/v6-m/libc.a(lib_a-memcpy-stub.o)
                0x0000000008004754                memcpy
 .text.memset   0x00000000080047dc       0x9c /Applications/Ac6/SystemWorkbench.app/Contents/Eclipse/plugins/fr.ac6.mcu.externaltools.arm-none.macos64_1.17.0.201812190825/tools/compiler/bin/../lib/gcc/arm-none-eabi/7.3.1/../../../../arm-none-eabi/lib/thumb/v6-m/libc.a(lib_a-memset.o)
                0x00000000080047dc                memset
 .text.srandom  0x0000000008004878       0x14 /Applications/Ac6/SystemWorkbench.app/Contents/Eclipse/plugins/fr.ac6.mcu.externaltools.arm-none.macos64_1.17.0.201812190825/tools/compiler/bin/../lib/gcc/arm-none-eabi/7.3.1/../../../../arm-none-eabi/lib/thumb/v6-m/libc.a(lib_a-random.o)
                0x0000000008004878                srandom
 .text.random   0x000000000800488c       0x34 /Applications/Ac6/SystemWorkbench.app/Contents/Eclipse/plugins/fr.ac6.mcu.externaltools.arm-none.macos64_1.17.0.201812190825/tools/compiler/bin/../lib/gcc/arm-none-eabi/7.3.1/../../../../arm-none-eabi/lib/thumb/v6-m/libc.a(lib_a-random.o)
                0x000000000800488c                random
 .text.strcat   0x00000000080048c0       0x50 /Applications/Ac6/SystemWorkbench.app/Contents/Eclipse/plugins/fr.ac6.mcu.externaltools.arm-none.macos64_1.17.0.201812190825/tools/compiler/bin/../lib/gcc/arm-none-eabi/7.3.1/../../../../arm-none-eabi/lib/thumb/v6-m/libc.a(lib_a-strcat.o)
                0x00000000080048c0                strcat
 .text.strcpy   0x0000000008004910       0x10 /Applications/Ac6/SystemWorkbench.app/Contents/Eclipse/plugins/fr.ac6.mcu.externaltools.arm-none.macos64_1.17.0.201812190825/tools/compiler/bin/../lib/gcc/arm-none-eabi/7.3.1/../../../../arm-none-eabi/lib/thumb/v6-m/libc.a(lib_a-strcpy.o)
                0x0000000008004910                strcpy
 .text.strlen   0x0000000008004920       0x64 /Applications/Ac6/SystemWorkbench.app/Contents/Eclipse/plugins/fr.ac6.mcu.externaltools.arm-none.macos64_1.17.0.201812190825/tools/compiler/bin/../lib/gcc/arm-none-eabi/7.3.1/../../../../arm-none-eabi/lib/thumb/v6-m/libc.a(lib_a-strlen-stub.o)
                0x0000000008004920                strlen
 .text.strncpy  0x0000000008004984       0x8c /Applications/Ac6/SystemWorkbench.app/Contents/Eclipse/plugins/fr.ac6.mcu.externaltools.arm-none.macos64_1.17.0.201812190825/tools/compiler/bin/../lib/gcc/arm-none-eabi/7.3.1/../../../../arm-none-eabi/lib/thumb/v6-m/libc.a(lib_a-strncpy.o)
                0x0000000008004984                strncpy
 .text.startup.register_fini
                0x0000000008004a10       0x18 /Applications/Ac6/SystemWorkbench.app/Contents/Eclipse/plugins/fr.ac6.mcu.externaltools.arm-none.macos64_1.17.0.201812190825/tools/compiler/bin/../lib/gcc/arm-none-eabi/7.3.1/../../../../arm-none-eabi/lib/thumb/v6-m/libc.a(lib_a-__call_atexit.o)
 .text.atexit   0x0000000008004a28       0x10 /Applications/Ac6/SystemWorkbench.app/Contents/Eclipse/plugins/fr.ac6.mcu.externaltools.arm-none.macos64_1.17.0.201812190825/tools/compiler/bin/../lib/gcc/arm-none-eabi/7.3.1/../../../../arm-none-eabi/lib/thumb/v6-m/libc.a(lib_a-atexit.o)
                0x0000000008004a28                atexit
 .text.__libc_fini_array
                0x0000000008004a38       0x34 /Applications/Ac6/SystemWorkbench.app/Contents/Eclipse/plugins/fr.ac6.mcu.externaltools.arm-none.macos64_1.17.0.201812190825/tools/compiler/bin/../lib/gcc/arm-none-eabi/7.3.1/../../../../arm-none-eabi/lib/thumb/v6-m/libc.a(lib_a-fini.o)
                0x0000000008004a38                __libc_fini_array
 .text.__retarget_lock_acquire_recursive
                0x0000000008004a6c        0x4 /Applications/Ac6/SystemWorkbench.app/Contents/Eclipse/plugins/fr.ac6.mcu.externaltools.arm-none.macos64_1.17.0.201812190825/tools/compiler/bin/../lib/gcc/arm-none-eabi/7.3.1/../../../../arm-none-eabi/lib/thumb/v6-m/libc.a(lib_a-lock.o)
                0x0000000008004a6c                __retarget_lock_acquire_recursive
 .text.__retarget_lock_release_recursive
                0x0000000008004a70        0x4 /Applications/Ac6/SystemWorkbench.app/Contents/Eclipse/plugins/fr.ac6.mcu.externaltools.arm-none.macos64_1.17.0.201812190825/tools/compiler/bin/../lib/gcc/arm-none-eabi/7.3.1/../../../../arm-none-eabi/lib/thumb/v6-m/libc.a(lib_a-lock.o)
                0x0000000008004a70                __retarget_lock_release_recursive
 .text.__register_exitproc
                0x0000000008004a74       0xf4 /Applications/Ac6/SystemWorkbench.app/Contents/Eclipse/plugins/fr.ac6.mcu.externaltools.arm-none.macos64_1.17.0.201812190825/tools/compiler/bin/../lib/gcc/arm-none-eabi/7.3.1/../../../../arm-none-eabi/lib/thumb/v6-m/libc.a(lib_a-__atexit.o)
                0x0000000008004a74                __register_exitproc
 *(.glue_7)
 .glue_7        0x0000000008004b68        0x0 linker stubs
 *(.glue_7t)
 .glue_7t       0x0000000008004b68        0x0 linker stubs
 *(.eh_frame)
 .eh_frame      0x0000000008004b68        0x0 /Applications/Ac6/SystemWorkbench.app/Contents/Eclipse/plugins/fr.ac6.mcu.externaltools.arm-none.macos64_1.17.0.201812190825/tools/compiler/bin/../lib/gcc/arm-none-eabi/7.3.1/thumb/v6-m/crtbegin.o
 *(.init)
 .init          0x0000000008004b68        0x4 /Applications/Ac6/SystemWorkbench.app/Contents/Eclipse/plugins/fr.ac6.mcu.externaltools.arm-none.macos64_1.17.0.201812190825/tools/compiler/bin/../lib/gcc/arm-none-eabi/7.3.1/thumb/v6-m/crti.o
                0x0000000008004b68                _init
 .init          0x0000000008004b6c        0x8 /Applications/Ac6/SystemWorkbench.app/Contents/Eclipse/plugins/fr.ac6.mcu.externaltools.arm-none.macos64_1.17.0.201812190825/tools/compiler/bin/../lib/gcc/arm-none-eabi/7.3.1/thumb/v6-m/crtn.o
 *(.fini)
 .fini          0x0000000008004b74        0x4 /Applications/Ac6/SystemWorkbench.app/Contents/Eclipse/plugins/fr.ac6.mcu.externaltools.arm-none.macos64_1.17.0.201812190825/tools/compiler/bin/../lib/gcc/arm-none-eabi/7.3.1/thumb/v6-m/crti.o
                0x0000000008004b74                _fini
 .fini          0x0000000008004b78        0x8 /Applications/Ac6/SystemWorkbench.app/Contents/Eclipse/plugins/fr.ac6.mcu.externaltools.arm-none.macos64_1.17.0.201812190825/tools/compiler/bin/../lib/gcc/arm-none-eabi/7.3.1/thumb/v6-m/crtn.o
                0x0000000008004b80                . = ALIGN (0x4)
                0x0000000008004b80                _etext = .

.vfp11_veneer   0x0000000008004b80        0x0
 .vfp11_veneer  0x0000000008004b80        0x0 linker stubs

.v4_bx          0x0000000008004b80        0x0
 .v4_bx         0x0000000008004b80        0x0 linker stubs

.iplt           0x0000000008004b80        0x0
 .iplt          0x0000000008004b80        0x0 /Applications/Ac6/SystemWorkbench.app/Contents/Eclipse/plugins/fr.ac6.mcu.externaltools.arm-none.macos64_1.17.0.201812190825/tools/compiler/bin/../lib/gcc/arm-none-eabi/7.3.1/thumb/v6-m/crtbegin.o

.rodata         0x0000000008004b80      0x6bc
                0x0000000008004b80                . = ALIGN (0x4)
 *(.rodata)
 .rodata        0x0000000008004b80       0x1c src/main.o
                0x0000000008004b80                login
 .rodata        0x0000000008004b9c      0x69c /Users/raghuramselvaraj/Current Classes/ECE362/lab9/src/autotest.o
                0x0000000008005064                font
 *(.rodata*)
 .rodata._global_impure_ptr
                0x0000000008005238        0x4 /Applications/Ac6/SystemWorkbench.app/Contents/Eclipse/plugins/fr.ac6.mcu.externaltools.arm-none.macos64_1.17.0.201812190825/tools/compiler/bin/../lib/gcc/arm-none-eabi/7.3.1/../../../../arm-none-eabi/lib/thumb/v6-m/libc.a(lib_a-impure.o)
                0x0000000008005238                _global_impure_ptr
                0x000000000800523c                . = ALIGN (0x4)

.rel.dyn        0x000000000800523c        0x0
 .rel.iplt      0x000000000800523c        0x0 /Applications/Ac6/SystemWorkbench.app/Contents/Eclipse/plugins/fr.ac6.mcu.externaltools.arm-none.macos64_1.17.0.201812190825/tools/compiler/bin/../lib/gcc/arm-none-eabi/7.3.1/thumb/v6-m/crtbegin.o

.ARM.extab      0x000000000800523c        0x0
                0x000000000800523c                . = ALIGN (0x4)
 *(.ARM.extab* .gnu.linkonce.armextab.*)
                0x000000000800523c                . = ALIGN (0x4)

.ARM            0x000000000800523c        0x0
                0x000000000800523c                . = ALIGN (0x4)
                0x000000000800523c                __exidx_start = .
 *(.ARM.exidx*)
                0x000000000800523c                __exidx_end = .
                0x000000000800523c                . = ALIGN (0x4)

.preinit_array  0x000000000800523c        0x0
                0x000000000800523c                . = ALIGN (0x4)
                0x000000000800523c                PROVIDE (__preinit_array_start = .)
 *(.preinit_array*)
                0x000000000800523c                PROVIDE (__preinit_array_end = .)
                0x000000000800523c                . = ALIGN (0x4)

.init_array     0x000000000800523c        0x8
                0x000000000800523c                . = ALIGN (0x4)
                0x000000000800523c                PROVIDE (__init_array_start = .)
 *(SORT_BY_NAME(.init_array.*))
 .init_array.00000
                0x000000000800523c        0x4 /Applications/Ac6/SystemWorkbench.app/Contents/Eclipse/plugins/fr.ac6.mcu.externaltools.arm-none.macos64_1.17.0.201812190825/tools/compiler/bin/../lib/gcc/arm-none-eabi/7.3.1/../../../../arm-none-eabi/lib/thumb/v6-m/libc.a(lib_a-__call_atexit.o)
 *(.init_array*)
 .init_array    0x0000000008005240        0x4 /Applications/Ac6/SystemWorkbench.app/Contents/Eclipse/plugins/fr.ac6.mcu.externaltools.arm-none.macos64_1.17.0.201812190825/tools/compiler/bin/../lib/gcc/arm-none-eabi/7.3.1/thumb/v6-m/crtbegin.o
                0x0000000008005244                PROVIDE (__init_array_end = .)
                0x0000000008005244                . = ALIGN (0x4)

.fini_array     0x0000000008005244        0x4
                0x0000000008005244                . = ALIGN (0x4)
                0x0000000008005244                PROVIDE (__fini_array_start = .)
 *(SORT_BY_NAME(.fini_array.*))
 *(.fini_array*)
 .fini_array    0x0000000008005244        0x4 /Applications/Ac6/SystemWorkbench.app/Contents/Eclipse/plugins/fr.ac6.mcu.externaltools.arm-none.macos64_1.17.0.201812190825/tools/compiler/bin/../lib/gcc/arm-none-eabi/7.3.1/thumb/v6-m/crtbegin.o
                0x0000000008005248                PROVIDE (__fini_array_end = .)
                0x0000000008005248                . = ALIGN (0x4)
                0x0000000008005248                _sidata = LOADADDR (.data)

.data           0x0000000020000000      0x434 load address 0x0000000008005248
                0x0000000020000000                . = ALIGN (0x4)
                0x0000000020000000                _sdata = .
 *(.data)
 *(.data*)
 .data._impure_ptr
                0x0000000020000000        0x4 /Applications/Ac6/SystemWorkbench.app/Contents/Eclipse/plugins/fr.ac6.mcu.externaltools.arm-none.macos64_1.17.0.201812190825/tools/compiler/bin/../lib/gcc/arm-none-eabi/7.3.1/../../../../arm-none-eabi/lib/thumb/v6-m/libc.a(lib_a-impure.o)
                0x0000000020000000                _impure_ptr
 *fill*         0x0000000020000004        0x4 
 .data.impure_data
                0x0000000020000008      0x428 /Applications/Ac6/SystemWorkbench.app/Contents/Eclipse/plugins/fr.ac6.mcu.externaltools.arm-none.macos64_1.17.0.201812190825/tools/compiler/bin/../lib/gcc/arm-none-eabi/7.3.1/../../../../arm-none-eabi/lib/thumb/v6-m/libc.a(lib_a-impure.o)
 .data.__atexit_recursive_mutex
                0x0000000020000430        0x4 /Applications/Ac6/SystemWorkbench.app/Contents/Eclipse/plugins/fr.ac6.mcu.externaltools.arm-none.macos64_1.17.0.201812190825/tools/compiler/bin/../lib/gcc/arm-none-eabi/7.3.1/../../../../arm-none-eabi/lib/thumb/v6-m/libc.a(lib_a-__call_atexit.o)
                0x0000000020000430                __atexit_recursive_mutex
                0x0000000020000434                . = ALIGN (0x4)
                0x0000000020000434                _edata = .

.igot.plt       0x0000000020000434        0x0 load address 0x000000000800567c
 .igot.plt      0x0000000020000434        0x0 /Applications/Ac6/SystemWorkbench.app/Contents/Eclipse/plugins/fr.ac6.mcu.externaltools.arm-none.macos64_1.17.0.201812190825/tools/compiler/bin/../lib/gcc/arm-none-eabi/7.3.1/thumb/v6-m/crtbegin.o
                0x0000000020000434                . = ALIGN (0x4)

.bss            0x0000000020000434      0x6a4 load address 0x000000000800567c
                0x0000000020000434                _sbss = .
                0x0000000020000434                __bss_start__ = _sbss
 *(.bss)
 .bss           0x0000000020000434       0x1c /Applications/Ac6/SystemWorkbench.app/Contents/Eclipse/plugins/fr.ac6.mcu.externaltools.arm-none.macos64_1.17.0.201812190825/tools/compiler/bin/../lib/gcc/arm-none-eabi/7.3.1/thumb/v6-m/crtbegin.o
 .bss           0x0000000020000450      0x664 /Users/raghuramselvaraj/Current Classes/ECE362/lab9/src/autotest.o
 *(.bss*)
 *(COMMON)
 COMMON         0x0000000020000ab4       0x21 /Applications/Ac6/SystemWorkbench.app/Contents/Eclipse/plugins/fr.ac6.mcu.externaltools.arm-none.macos64_1.17.0.201812190825/tools/compiler/bin/../lib/gcc/arm-none-eabi/7.3.1/../../../../arm-none-eabi/lib/thumb/v6-m/libc.a(lib_a-lock.o)
                0x0000000020000ab4                __lock___atexit_recursive_mutex
                0x0000000020000ab8                __lock___arc4random_mutex
                0x0000000020000abc                __lock___env_recursive_mutex
                0x0000000020000ac0                __lock___sinit_recursive_mutex
                0x0000000020000ac4                __lock___malloc_recursive_mutex
                0x0000000020000ac8                __lock___at_quick_exit_mutex
                0x0000000020000acc                __lock___dd_hash_mutex
                0x0000000020000ad0                __lock___tz_mutex
                0x0000000020000ad4                __lock___sfp_recursive_mutex
                0x0000000020000ad8                . = ALIGN (0x4)
 *fill*         0x0000000020000ad5        0x3 
                0x0000000020000ad8                _ebss = .
                0x0000000020000ad8                __bss_end__ = _ebss

._user_heap_stack
                0x0000000020000ad8      0x400 load address 0x000000000800567c
                0x0000000020000ad8                . = ALIGN (0x8)
                0x0000000020000ad8                PROVIDE (end = .)
                [!provide]                        PROVIDE (_end = .)
                0x0000000020000ad8                . = (. + _Min_Heap_Size)
                0x0000000020000ed8                . = (. + _Min_Stack_Size)
 *fill*         0x0000000020000ad8      0x400 
                0x0000000020000ed8                . = ALIGN (0x8)

/DISCARD/
 libc.a(*)
 libm.a(*)
 libgcc.a(*)

.ARM.attributes
                0x0000000000000000       0x28
 *(.ARM.attributes)
 .ARM.attributes
                0x0000000000000000       0x1e /Applications/Ac6/SystemWorkbench.app/Contents/Eclipse/plugins/fr.ac6.mcu.externaltools.arm-none.macos64_1.17.0.201812190825/tools/compiler/bin/../lib/gcc/arm-none-eabi/7.3.1/thumb/v6-m/crti.o
 .ARM.attributes
                0x000000000000001e       0x2c /Applications/Ac6/SystemWorkbench.app/Contents/Eclipse/plugins/fr.ac6.mcu.externaltools.arm-none.macos64_1.17.0.201812190825/tools/compiler/bin/../lib/gcc/arm-none-eabi/7.3.1/thumb/v6-m/crtbegin.o
 .ARM.attributes
                0x000000000000004a       0x31 src/main.o
 .ARM.attributes
                0x000000000000007b       0x31 src/system_stm32f0xx.o
 .ARM.attributes
                0x00000000000000ac       0x21 startup/startup_stm32.o
 .ARM.attributes
                0x00000000000000cd       0x31 /Users/raghuramselvaraj/Current Classes/ECE362/lab9/src/autotest.o
 .ARM.attributes
                0x00000000000000fe       0x1e /Applications/Ac6/SystemWorkbench.app/Contents/Eclipse/plugins/fr.ac6.mcu.externaltools.arm-none.macos64_1.17.0.201812190825/tools/compiler/bin/../lib/gcc/arm-none-eabi/7.3.1/thumb/v6-m/libgcc.a(_divsi3.o)
 .ARM.attributes
                0x000000000000011c       0x1e /Applications/Ac6/SystemWorkbench.app/Contents/Eclipse/plugins/fr.ac6.mcu.externaltools.arm-none.macos64_1.17.0.201812190825/tools/compiler/bin/../lib/gcc/arm-none-eabi/7.3.1/thumb/v6-m/libgcc.a(_dvmd_tls.o)
 .ARM.attributes
                0x000000000000013a       0x2c /Applications/Ac6/SystemWorkbench.app/Contents/Eclipse/plugins/fr.ac6.mcu.externaltools.arm-none.macos64_1.17.0.201812190825/tools/compiler/bin/../lib/gcc/arm-none-eabi/7.3.1/../../../../arm-none-eabi/lib/thumb/v6-m/libc.a(lib_a-impure.o)
 .ARM.attributes
                0x0000000000000166       0x2c /Applications/Ac6/SystemWorkbench.app/Contents/Eclipse/plugins/fr.ac6.mcu.externaltools.arm-none.macos64_1.17.0.201812190825/tools/compiler/bin/../lib/gcc/arm-none-eabi/7.3.1/../../../../arm-none-eabi/lib/thumb/v6-m/libc.a(lib_a-init.o)
 .ARM.attributes
                0x0000000000000192       0x2c /Applications/Ac6/SystemWorkbench.app/Contents/Eclipse/plugins/fr.ac6.mcu.externaltools.arm-none.macos64_1.17.0.201812190825/tools/compiler/bin/../lib/gcc/arm-none-eabi/7.3.1/../../../../arm-none-eabi/lib/thumb/v6-m/libc.a(lib_a-memcmp.o)
 .ARM.attributes
                0x00000000000001be       0x2c /Applications/Ac6/SystemWorkbench.app/Contents/Eclipse/plugins/fr.ac6.mcu.externaltools.arm-none.macos64_1.17.0.201812190825/tools/compiler/bin/../lib/gcc/arm-none-eabi/7.3.1/../../../../arm-none-eabi/lib/thumb/v6-m/libc.a(lib_a-memcpy-stub.o)
 .ARM.attributes
                0x00000000000001ea       0x2c /Applications/Ac6/SystemWorkbench.app/Contents/Eclipse/plugins/fr.ac6.mcu.externaltools.arm-none.macos64_1.17.0.201812190825/tools/compiler/bin/../lib/gcc/arm-none-eabi/7.3.1/../../../../arm-none-eabi/lib/thumb/v6-m/libc.a(lib_a-memset.o)
 .ARM.attributes
                0x0000000000000216       0x2c /Applications/Ac6/SystemWorkbench.app/Contents/Eclipse/plugins/fr.ac6.mcu.externaltools.arm-none.macos64_1.17.0.201812190825/tools/compiler/bin/../lib/gcc/arm-none-eabi/7.3.1/../../../../arm-none-eabi/lib/thumb/v6-m/libc.a(lib_a-random.o)
 .ARM.attributes
                0x0000000000000242       0x2c /Applications/Ac6/SystemWorkbench.app/Contents/Eclipse/plugins/fr.ac6.mcu.externaltools.arm-none.macos64_1.17.0.201812190825/tools/compiler/bin/../lib/gcc/arm-none-eabi/7.3.1/../../../../arm-none-eabi/lib/thumb/v6-m/libc.a(lib_a-strcat.o)
 .ARM.attributes
                0x000000000000026e       0x1b /Applications/Ac6/SystemWorkbench.app/Contents/Eclipse/plugins/fr.ac6.mcu.externaltools.arm-none.macos64_1.17.0.201812190825/tools/compiler/bin/../lib/gcc/arm-none-eabi/7.3.1/../../../../arm-none-eabi/lib/thumb/v6-m/libc.a(lib_a-strcmp.o)
 .ARM.attributes
                0x0000000000000289       0x2c /Applications/Ac6/SystemWorkbench.app/Contents/Eclipse/plugins/fr.ac6.mcu.externaltools.arm-none.macos64_1.17.0.201812190825/tools/compiler/bin/../lib/gcc/arm-none-eabi/7.3.1/../../../../arm-none-eabi/lib/thumb/v6-m/libc.a(lib_a-strcpy.o)
 .ARM.attributes
                0x00000000000002b5       0x2c /Applications/Ac6/SystemWorkbench.app/Contents/Eclipse/plugins/fr.ac6.mcu.externaltools.arm-none.macos64_1.17.0.201812190825/tools/compiler/bin/../lib/gcc/arm-none-eabi/7.3.1/../../../../arm-none-eabi/lib/thumb/v6-m/libc.a(lib_a-strlen-stub.o)
 .ARM.attributes
                0x00000000000002e1       0x2c /Applications/Ac6/SystemWorkbench.app/Contents/Eclipse/plugins/fr.ac6.mcu.externaltools.arm-none.macos64_1.17.0.201812190825/tools/compiler/bin/../lib/gcc/arm-none-eabi/7.3.1/../../../../arm-none-eabi/lib/thumb/v6-m/libc.a(lib_a-strncpy.o)
 .ARM.attributes
                0x000000000000030d       0x2c /Applications/Ac6/SystemWorkbench.app/Contents/Eclipse/plugins/fr.ac6.mcu.externaltools.arm-none.macos64_1.17.0.201812190825/tools/compiler/bin/../lib/gcc/arm-none-eabi/7.3.1/../../../../arm-none-eabi/lib/thumb/v6-m/libc.a(lib_a-__call_atexit.o)
 .ARM.attributes
                0x0000000000000339       0x2c /Applications/Ac6/SystemWorkbench.app/Contents/Eclipse/plugins/fr.ac6.mcu.externaltools.arm-none.macos64_1.17.0.201812190825/tools/compiler/bin/../lib/gcc/arm-none-eabi/7.3.1/../../../../arm-none-eabi/lib/thumb/v6-m/libc.a(lib_a-atexit.o)
 .ARM.attributes
                0x0000000000000365       0x2c /Applications/Ac6/SystemWorkbench.app/Contents/Eclipse/plugins/fr.ac6.mcu.externaltools.arm-none.macos64_1.17.0.201812190825/tools/compiler/bin/../lib/gcc/arm-none-eabi/7.3.1/../../../../arm-none-eabi/lib/thumb/v6-m/libc.a(lib_a-fini.o)
 .ARM.attributes
                0x0000000000000391       0x2c /Applications/Ac6/SystemWorkbench.app/Contents/Eclipse/plugins/fr.ac6.mcu.externaltools.arm-none.macos64_1.17.0.201812190825/tools/compiler/bin/../lib/gcc/arm-none-eabi/7.3.1/../../../../arm-none-eabi/lib/thumb/v6-m/libc.a(lib_a-lock.o)
 .ARM.attributes
                0x00000000000003bd       0x2c /Applications/Ac6/SystemWorkbench.app/Contents/Eclipse/plugins/fr.ac6.mcu.externaltools.arm-none.macos64_1.17.0.201812190825/tools/compiler/bin/../lib/gcc/arm-none-eabi/7.3.1/../../../../arm-none-eabi/lib/thumb/v6-m/libc.a(lib_a-__atexit.o)
 .ARM.attributes
                0x00000000000003e9       0x2c /Applications/Ac6/SystemWorkbench.app/Contents/Eclipse/plugins/fr.ac6.mcu.externaltools.arm-none.macos64_1.17.0.201812190825/tools/compiler/bin/../lib/gcc/arm-none-eabi/7.3.1/thumb/v6-m/libgcc.a(_muldi3.o)
 .ARM.attributes
                0x0000000000000415       0x1e /Applications/Ac6/SystemWorkbench.app/Contents/Eclipse/plugins/fr.ac6.mcu.externaltools.arm-none.macos64_1.17.0.201812190825/tools/compiler/bin/../lib/gcc/arm-none-eabi/7.3.1/thumb/v6-m/crtn.o
OUTPUT(lab9.elf elf32-littlearm)

.debug_info     0x0000000000000000     0x131c
 .debug_info    0x0000000000000000      0xff4 src/main.o
 .debug_info    0x0000000000000ff4      0x306 src/system_stm32f0xx.o
 .debug_info    0x00000000000012fa       0x22 startup/startup_stm32.o

.debug_abbrev   0x0000000000000000      0x463
 .debug_abbrev  0x0000000000000000      0x2f6 src/main.o
 .debug_abbrev  0x00000000000002f6      0x15b src/system_stm32f0xx.o
 .debug_abbrev  0x0000000000000451       0x12 startup/startup_stm32.o

.debug_aranges  0x0000000000000000       0xf0
 .debug_aranges
                0x0000000000000000       0x98 src/main.o
 .debug_aranges
                0x0000000000000098       0x30 src/system_stm32f0xx.o
 .debug_aranges
                0x00000000000000c8       0x28 startup/startup_stm32.o

.debug_ranges   0x0000000000000000       0xf8
 .debug_ranges  0x0000000000000000       0xb8 src/main.o
 .debug_ranges  0x00000000000000b8       0x20 src/system_stm32f0xx.o
 .debug_ranges  0x00000000000000d8       0x20 startup/startup_stm32.o

.debug_macro    0x0000000000000000      0xc03
 .debug_macro   0x0000000000000000      0x24a src/main.o
 .debug_macro   0x000000000000024a       0x5e src/main.o
 .debug_macro   0x00000000000002a8       0x18 src/main.o
 .debug_macro   0x00000000000002c0       0x35 src/main.o
 .debug_macro   0x00000000000002f5       0x34 src/main.o
 .debug_macro   0x0000000000000329      0x174 src/main.o
 .debug_macro   0x000000000000049d       0x58 src/main.o
 .debug_macro   0x00000000000004f5       0x1f src/main.o
 .debug_macro   0x0000000000000514       0x43 src/main.o
 .debug_macro   0x0000000000000557       0x20 src/main.o
 .debug_macro   0x0000000000000577      0x18e src/main.o
 .debug_macro   0x0000000000000705      0x330 src/main.o
 .debug_macro   0x0000000000000a35       0x10 src/main.o
 .debug_macro   0x0000000000000a45       0x35 src/main.o
 .debug_macro   0x0000000000000a7a      0x189 src/system_stm32f0xx.o

.debug_line     0x0000000000000000     0x1094
 .debug_line    0x0000000000000000      0x956 src/main.o
 .debug_line    0x0000000000000956      0x6c2 src/system_stm32f0xx.o
 .debug_line    0x0000000000001018       0x7c startup/startup_stm32.o

.debug_str      0x0000000000000000    0x4d8ea
 .debug_str     0x0000000000000000    0x4d809 src/main.o
                                      0x4da61 (size before relaxing)
 .debug_str     0x000000000004d809       0xb8 src/system_stm32f0xx.o
                                      0x4aa9d (size before relaxing)
 .debug_str     0x000000000004d8c1       0x29 startup/startup_stm32.o
                                         0x63 (size before relaxing)

.comment        0x0000000000000000       0x7f
 .comment       0x0000000000000000       0x7f src/main.o
                                         0x80 (size before relaxing)
 .comment       0x000000000000007f       0x80 src/system_stm32f0xx.o
 .comment       0x000000000000007f       0x80 /Users/raghuramselvaraj/Current Classes/ECE362/lab9/src/autotest.o

.debug_frame    0x0000000000000000      0x608
 .debug_frame   0x0000000000000000      0x1fc src/main.o
 .debug_frame   0x00000000000001fc       0x6c src/system_stm32f0xx.o
 .debug_frame   0x0000000000000268       0x20 /Applications/Ac6/SystemWorkbench.app/Contents/Eclipse/plugins/fr.ac6.mcu.externaltools.arm-none.macos64_1.17.0.201812190825/tools/compiler/bin/../lib/gcc/arm-none-eabi/7.3.1/thumb/v6-m/libgcc.a(_divsi3.o)
 .debug_frame   0x0000000000000288       0x2c /Applications/Ac6/SystemWorkbench.app/Contents/Eclipse/plugins/fr.ac6.mcu.externaltools.arm-none.macos64_1.17.0.201812190825/tools/compiler/bin/../lib/gcc/arm-none-eabi/7.3.1/../../../../arm-none-eabi/lib/thumb/v6-m/libc.a(lib_a-init.o)
 .debug_frame   0x00000000000002b4       0x2c /Applications/Ac6/SystemWorkbench.app/Contents/Eclipse/plugins/fr.ac6.mcu.externaltools.arm-none.macos64_1.17.0.201812190825/tools/compiler/bin/../lib/gcc/arm-none-eabi/7.3.1/../../../../arm-none-eabi/lib/thumb/v6-m/libc.a(lib_a-memcmp.o)
 .debug_frame   0x00000000000002e0       0x30 /Applications/Ac6/SystemWorkbench.app/Contents/Eclipse/plugins/fr.ac6.mcu.externaltools.arm-none.macos64_1.17.0.201812190825/tools/compiler/bin/../lib/gcc/arm-none-eabi/7.3.1/../../../../arm-none-eabi/lib/thumb/v6-m/libc.a(lib_a-memcpy-stub.o)
 .debug_frame   0x0000000000000310       0x30 /Applications/Ac6/SystemWorkbench.app/Contents/Eclipse/plugins/fr.ac6.mcu.externaltools.arm-none.macos64_1.17.0.201812190825/tools/compiler/bin/../lib/gcc/arm-none-eabi/7.3.1/../../../../arm-none-eabi/lib/thumb/v6-m/libc.a(lib_a-memset.o)
 .debug_frame   0x0000000000000340       0x38 /Applications/Ac6/SystemWorkbench.app/Contents/Eclipse/plugins/fr.ac6.mcu.externaltools.arm-none.macos64_1.17.0.201812190825/tools/compiler/bin/../lib/gcc/arm-none-eabi/7.3.1/../../../../arm-none-eabi/lib/thumb/v6-m/libc.a(lib_a-random.o)
 .debug_frame   0x0000000000000378       0x2c /Applications/Ac6/SystemWorkbench.app/Contents/Eclipse/plugins/fr.ac6.mcu.externaltools.arm-none.macos64_1.17.0.201812190825/tools/compiler/bin/../lib/gcc/arm-none-eabi/7.3.1/../../../../arm-none-eabi/lib/thumb/v6-m/libc.a(lib_a-strcat.o)
 .debug_frame   0x00000000000003a4       0x20 /Applications/Ac6/SystemWorkbench.app/Contents/Eclipse/plugins/fr.ac6.mcu.externaltools.arm-none.macos64_1.17.0.201812190825/tools/compiler/bin/../lib/gcc/arm-none-eabi/7.3.1/../../../../arm-none-eabi/lib/thumb/v6-m/libc.a(lib_a-strcmp.o)
 .debug_frame   0x00000000000003c4       0x20 /Applications/Ac6/SystemWorkbench.app/Contents/Eclipse/plugins/fr.ac6.mcu.externaltools.arm-none.macos64_1.17.0.201812190825/tools/compiler/bin/../lib/gcc/arm-none-eabi/7.3.1/../../../../arm-none-eabi/lib/thumb/v6-m/libc.a(lib_a-strcpy.o)
 .debug_frame   0x00000000000003e4       0x28 /Applications/Ac6/SystemWorkbench.app/Contents/Eclipse/plugins/fr.ac6.mcu.externaltools.arm-none.macos64_1.17.0.201812190825/tools/compiler/bin/../lib/gcc/arm-none-eabi/7.3.1/../../../../arm-none-eabi/lib/thumb/v6-m/libc.a(lib_a-strlen-stub.o)
 .debug_frame   0x000000000000040c       0x34 /Applications/Ac6/SystemWorkbench.app/Contents/Eclipse/plugins/fr.ac6.mcu.externaltools.arm-none.macos64_1.17.0.201812190825/tools/compiler/bin/../lib/gcc/arm-none-eabi/7.3.1/../../../../arm-none-eabi/lib/thumb/v6-m/libc.a(lib_a-strncpy.o)
 .debug_frame   0x0000000000000440       0x54 /Applications/Ac6/SystemWorkbench.app/Contents/Eclipse/plugins/fr.ac6.mcu.externaltools.arm-none.macos64_1.17.0.201812190825/tools/compiler/bin/../lib/gcc/arm-none-eabi/7.3.1/../../../../arm-none-eabi/lib/thumb/v6-m/libc.a(lib_a-__call_atexit.o)
 .debug_frame   0x0000000000000494       0x28 /Applications/Ac6/SystemWorkbench.app/Contents/Eclipse/plugins/fr.ac6.mcu.externaltools.arm-none.macos64_1.17.0.201812190825/tools/compiler/bin/../lib/gcc/arm-none-eabi/7.3.1/../../../../arm-none-eabi/lib/thumb/v6-m/libc.a(lib_a-atexit.o)
 .debug_frame   0x00000000000004bc       0x2c /Applications/Ac6/SystemWorkbench.app/Contents/Eclipse/plugins/fr.ac6.mcu.externaltools.arm-none.macos64_1.17.0.201812190825/tools/compiler/bin/../lib/gcc/arm-none-eabi/7.3.1/../../../../arm-none-eabi/lib/thumb/v6-m/libc.a(lib_a-fini.o)
 .debug_frame   0x00000000000004e8       0xb0 /Applications/Ac6/SystemWorkbench.app/Contents/Eclipse/plugins/fr.ac6.mcu.externaltools.arm-none.macos64_1.17.0.201812190825/tools/compiler/bin/../lib/gcc/arm-none-eabi/7.3.1/../../../../arm-none-eabi/lib/thumb/v6-m/libc.a(lib_a-lock.o)
 .debug_frame   0x0000000000000598       0x3c /Applications/Ac6/SystemWorkbench.app/Contents/Eclipse/plugins/fr.ac6.mcu.externaltools.arm-none.macos64_1.17.0.201812190825/tools/compiler/bin/../lib/gcc/arm-none-eabi/7.3.1/../../../../arm-none-eabi/lib/thumb/v6-m/libc.a(lib_a-__atexit.o)
 .debug_frame   0x00000000000005d4       0x34 /Applications/Ac6/SystemWorkbench.app/Contents/Eclipse/plugins/fr.ac6.mcu.externaltools.arm-none.macos64_1.17.0.201812190825/tools/compiler/bin/../lib/gcc/arm-none-eabi/7.3.1/thumb/v6-m/libgcc.a(_muldi3.o)
