19:35:36 **** Incremental Build of configuration Debug for project lab4 ****
make -j11 all 
Building file: ../src/main.s
Invoking: MCU GCC Assembler
/Users/raghuramselvaraj/Current Classes/ECE362/lab4/Debug
arm-none-eabi-as -mcpu=cortex-m0 -mthumb -mfloat-abi=soft -I"/Users/raghuramselvaraj/Current Classes/ECE362/lab4/StdPeriph_Driver/inc" -I"/Users/raghuramselvaraj/Current Classes/ECE362/lab4/inc" -I"/Users/raghuramselvaraj/Current Classes/ECE362/lab4/CMSIS/device" -I"/Users/raghuramselvaraj/Current Classes/ECE362/lab4/CMSIS/core" -g -o "src/main.o" "../src/main.s"
Finished building: ../src/main.s
 
Building target: lab4.elf
Invoking: MCU GCC Linker
arm-none-eabi-gcc -mcpu=cortex-m0 -mthumb -mfloat-abi=soft -T"/Users/raghuramselvaraj/Current Classes/ECE362/lab4/LinkerScript.ld" -Wl,-Map=output.map -Wl,--gc-sections -o "lab4.elf" @"objects.list" /Users/raghuramselvaraj/Current\ Classes/ECE362/lab4/src/autotest.o  -lm
Finished building target: lab4.elf
 
/Applications/Xcode.app/Contents/Developer/usr/bin/make --no-print-directory post-build
Generating binary and Printing size information:
arm-none-eabi-objcopy -O binary "lab4.elf" "lab4.bin"
arm-none-eabi-size "lab4.elf"
   text	   data	    bss	    dec	    hex	filename
  45084	   2492	   2112	  49688	   c218	lab4.elf
 

19:35:36 Build Finished (took 225ms)

