16:26:45 **** Incremental Build of configuration Debug for project lab6 ****
make -j11 all 
Building file: ../src/main.c
Invoking: MCU GCC Compiler
/Users/raghuramselvaraj/Current Classes/ECE362/lab6/Debug
arm-none-eabi-gcc -mcpu=cortex-m0 -mthumb -mfloat-abi=soft -DSTM32 -DSTM32F0 -DSTM32F091RCTx -DDEBUG -DSTM32F091 -DUSE_STDPERIPH_DRIVER -I"/Users/raghuramselvaraj/Current Classes/ECE362/lab6/StdPeriph_Driver/inc" -I"/Users/raghuramselvaraj/Current Classes/ECE362/lab6/inc" -I"/Users/raghuramselvaraj/Current Classes/ECE362/lab6/CMSIS/device" -I"/Users/raghuramselvaraj/Current Classes/ECE362/lab6/CMSIS/core" -O0 -g3 -Wall -fmessage-length=0 -ffunction-sections -c -MMD -MP -MF"src/main.d" -MT"src/main.o" -o "src/main.o" "../src/main.c"
../src/main.c: In function 'start_adc_channel':
../src/main.c:40:22: warning: suggest parentheses around comparison in operand of '&' [-Wparentheses]
     while (ADC1->ISR & ADC_ISR_ADRDY == 0) {}
                      ^
../src/main.c: In function 'main':
../src/main.c:222:5: warning: implicit declaration of function 'autotest' [-Wimplicit-function-declaration]
     autotest(); // test all of the subroutines you wrote
     ^~~~~~~~
Finished building: ../src/main.c
 
Building target: lab6.elf
Invoking: MCU GCC Linker
arm-none-eabi-gcc -mcpu=cortex-m0 -mthumb -mfloat-abi=soft -T"/Users/raghuramselvaraj/Current Classes/ECE362/lab6/LinkerScript.ld" -Wl,-Map=output.map -Wl,--gc-sections -o "lab6.elf" @"objects.list" /Users/raghuramselvaraj/Current\ Classes/ECE362/lab6/src/autotest.o  -lm
Finished building target: lab6.elf
 
/Applications/Xcode.app/Contents/Developer/usr/bin/make --no-print-directory post-build
Generating binary and Printing size information:
arm-none-eabi-objcopy -O binary "lab6.elf" "lab6.bin"
arm-none-eabi-size "lab6.elf"
   text	   data	    bss	    dec	    hex	filename
  57264	   2492	   4824	  64580	   fc44	lab6.elf
 

16:26:46 Build Finished (took 415ms)

