23:04:17 **** Incremental Build of configuration Debug for project lab8 ****
make -j11 all 
Building file: ../src/main.c
Invoking: MCU GCC Compiler
/Users/raghuramselvaraj/Current Classes/ECE362/lab8/Debug
arm-none-eabi-gcc -mcpu=cortex-m0 -mthumb -mfloat-abi=soft -DSTM32 -DSTM32F0 -DSTM32F091RCTx -DDEBUG -DSTM32F091 -DUSE_STDPERIPH_DRIVER -I"/Users/raghuramselvaraj/Current Classes/ECE362/lab8/StdPeriph_Driver/inc" -I"/Users/raghuramselvaraj/Current Classes/ECE362/lab8/inc" -I"/Users/raghuramselvaraj/Current Classes/ECE362/lab8/CMSIS/device" -I"/Users/raghuramselvaraj/Current Classes/ECE362/lab8/CMSIS/core" -O0 -g3 -Wall -fmessage-length=0 -ffunction-sections -c -MMD -MP -MF"src/main.d" -MT"src/main.o" -o "src/main.o" "../src/main.c"
Finished building: ../src/main.c
 
Building target: lab8.elf
Invoking: MCU GCC Linker
arm-none-eabi-gcc -mcpu=cortex-m0 -mthumb -mfloat-abi=soft -T"/Users/raghuramselvaraj/Current Classes/ECE362/lab8/LinkerScript.ld" -Wl,-Map=output.map -Wl,--gc-sections -o "lab8.elf" @"objects.list" /Users/raghuramselvaraj/Current\ Classes/ECE362/lab8/src/autotest.o  -lm
Finished building target: lab8.elf
 
/Applications/Xcode.app/Contents/Developer/usr/bin/make --no-print-directory post-build
Generating binary and Printing size information:
arm-none-eabi-objcopy -O binary "lab8.elf" "lab8.bin"
arm-none-eabi-size "lab8.elf"
   text	   data	    bss	    dec	    hex	filename
  81032	   2492	   3832	  87356	  1553c	lab8.elf
 

23:04:17 Build Finished (took 334ms)

