22:09:56 **** Incremental Build of configuration Debug for project lab9 ****
make -j11 all 
Building file: ../src/main.c
Invoking: MCU GCC Compiler
/Users/raghuramselvaraj/Current Classes/ECE362/lab9/Debug
arm-none-eabi-gcc -mcpu=cortex-m0 -mthumb -mfloat-abi=soft -DSTM32 -DSTM32F0 -DSTM32F091RCTx -DDEBUG -DSTM32F091 -DUSE_STDPERIPH_DRIVER -I"/Users/raghuramselvaraj/Current Classes/ECE362/lab9/StdPeriph_Driver/inc" -I"/Users/raghuramselvaraj/Current Classes/ECE362/lab9/inc" -I"/Users/raghuramselvaraj/Current Classes/ECE362/lab9/CMSIS/device" -I"/Users/raghuramselvaraj/Current Classes/ECE362/lab9/CMSIS/core" -O0 -g3 -Wall -fmessage-length=0 -ffunction-sections -c -MMD -MP -MF"src/main.d" -MT"src/main.o" -o "src/main.o" "../src/main.c"
Finished building: ../src/main.c
 
Building target: lab9.elf
Invoking: MCU GCC Linker
arm-none-eabi-gcc -mcpu=cortex-m0 -mthumb -mfloat-abi=soft -T"/Users/raghuramselvaraj/Current Classes/ECE362/lab9/LinkerScript.ld" -Wl,-Map=output.map -Wl,--gc-sections -o "lab9.elf" @"objects.list" /Users/raghuramselvaraj/Current\ Classes/ECE362/lab9/src/autotest.o  -lm
Finished building target: lab9.elf
 
/Applications/Xcode.app/Contents/Developer/usr/bin/make --no-print-directory post-build
Generating binary and Printing size information:
arm-none-eabi-objcopy -O binary "lab9.elf" "lab9.bin"
arm-none-eabi-size "lab9.elf"
   text	   data	    bss	    dec	    hex	filename
  21052	   1088	   2724	  24864	   6120	lab9.elf
 

22:09:57 Build Finished (took 281ms)

