15:23:04 **** Incremental Build of configuration Debug for project practical2 ****
make -j11 all 
Building file: ../src/main.c
Invoking: MCU GCC Compiler
/Users/raghuramselvaraj/Current Classes/ECE362/practical2/Debug
arm-none-eabi-gcc -mcpu=cortex-m0 -mthumb -mfloat-abi=soft -DSTM32 -DSTM32F0 -DSTM32F091RCTx -DDEBUG -DSTM32F091 -DUSE_STDPERIPH_DRIVER -I"/Users/raghuramselvaraj/Current Classes/ECE362/practical2/StdPeriph_Driver/inc" -I"/Users/raghuramselvaraj/Current Classes/ECE362/practical2/inc" -I"/Users/raghuramselvaraj/Current Classes/ECE362/practical2/CMSIS/device" -I"/Users/raghuramselvaraj/Current Classes/ECE362/practical2/CMSIS/core" -O0 -g3 -Wall -fmessage-length=0 -ffunction-sections -c -MMD -MP -MF"src/main.d" -MT"src/main.o" -o "src/main.o" "../src/main.c"
../src/main.c: In function 'spi_init_oled':
../src/main.c:25:5: warning: implicit declaration of function 'spi_cmd' [-Wimplicit-function-declaration]
     spi_cmd(0x38);
     ^~~~~~~
../src/main.c: At top level:
../src/main.c:68:6: warning: conflicting types for 'spi_cmd'
 void spi_cmd (int n) {
      ^~~~~~~
../src/main.c:25:5: note: previous implicit declaration of 'spi_cmd' was here
     spi_cmd(0x38);
     ^~~~~~~
../src/main.c: In function 'TIM14_IRQHandler':
../src/main.c:86:9: warning: implicit declaration of function 'sprintf' [-Wimplicit-function-declaration]
         sprintf(buffer, "%08d", counter);
         ^~~~~~~
../src/main.c:86:9: warning: incompatible implicit declaration of built-in function 'sprintf'
../src/main.c:86:9: note: include '<stdio.h>' or provide a declaration of 'sprintf'
Finished building: ../src/main.c
 
Building target: practical2.elf
Invoking: MCU GCC Linker
arm-none-eabi-gcc -mcpu=cortex-m0 -mthumb -mfloat-abi=soft -T"/Users/raghuramselvaraj/Current Classes/ECE362/practical2/LinkerScript.ld" -Wl,-Map=output.map -Wl,--gc-sections -o "practical2.elf" @"objects.list"   -lm
Finished building target: practical2.elf
 
/Applications/Xcode.app/Contents/Developer/usr/bin/make --no-print-directory post-build
Generating binary and Printing size information:
arm-none-eabi-objcopy -O binary "practical2.elf" "practical2.bin"
arm-none-eabi-size "practical2.elf"
   text	   data	    bss	    dec	    hex	filename
  29088	   2492	   1160	  32740	   7fe4	practical2.elf
 

15:23:05 Build Finished (took 509ms)

